

******** <class 'pyscf.scf.uhf.UHF'> ********
method = UHF
initial guess = minao
damping factor = 0
level_shift factor = 0
DIIS = <class 'pyscf.scf.diis.CDIIS'>
diis_start_cycle = 1
diis_space = 8
SCF conv_tol = 1e-09
SCF conv_tol_grad = None
SCF max_cycles = 1
direct_scf = True
direct_scf_tol = 1e-13
chkfile to save SCF result = /share/home/srwang/ExSCF/test/test_dm/tmpsjmjj58g
max_memory 1000 MB (current use 65 MB)
number electrons alpha = 8  beta = 8
Set gradient conv threshold to 3.16228e-05
init E= -77.8607482550513

WARN: alpha nocc = 8  HOMO -0.0699875708855241 >= LUMO -0.0699824126005718


WARN: beta  nocc = 8  HOMO -0.0727456605411221 >= LUMO -0.0727404790627424


WARN: system HOMO -0.0727456605411221 >= system LUMO -0.0727404790627424

cycle= 1 E= -77.7761494064933  delta_E= 0.0846  |g|= 0.176  |ddm|= 1.59
SCF not converged.
SCF energy = -77.7761494064933 after 1 cycles  <S^2> = 0.00022788863  2S+1 = 1.0004557

Orthonormality check: j=   4 i=  14 maxv= 2.33235330E-08

Orthonormality check: j=   4 i=  14 maxv= 1.92094117E-08


******** <class 'pyscf.scf.uhf.UHF'> ********
method = UHF
initial guess = minao
damping factor = 0
level_shift factor = 0
DIIS = <class 'pyscf.scf.diis.CDIIS'>
diis_start_cycle = 1
diis_space = 8
SCF conv_tol = 1e-09
SCF conv_tol_grad = None
SCF max_cycles = 10
direct_scf = True
direct_scf_tol = 1e-13
chkfile to save SCF result = /share/home/srwang/ExSCF/test/test_dm/tmpsjmjj58g
max_memory 1000 MB (current use 79 MB)
number electrons alpha = 8  beta = 8
Set gradient conv threshold to 3.16228e-05
init E= -77.9145240025181
  alpha nocc = 8  HOMO = -0.365487688273743  LUMO = 0.143722742355854
  beta  nocc = 8  HOMO = -0.365487673981071  LUMO = 0.143722751759424
cycle= 1 E= -77.9145239896867  delta_E= 1.28e-08  |g|= 6.43e-09  |ddm|= 3.1e-08
  alpha nocc = 8  HOMO = -0.365487690659407  LUMO = 0.143722739619625
  beta  nocc = 8  HOMO = -0.365487676288919  LUMO = 0.143722749000446
cycle= 2 E= -77.9145239896867  delta_E= 5.68e-14  |g|= 3.16e-09  |ddm|= 1.32e-08
  alpha nocc = 8  HOMO = -0.365487689775349  LUMO = 0.143722740237328
  beta  nocc = 8  HOMO = -0.365487675353493  LUMO = 0.143722749567297
Extra cycle  E= -77.9145239896865  delta_E= 1.42e-13  |g|= 1.83e-09  |ddm|= 6.26e-09
converged SCF energy = -77.9145239896865  <S^2> = 1.0342838  2S+1 = 2.2665249

The orthonormality of Alpha MO after PAO construction:
maxv=    0.0000000000
abs_mean=    0.0000000000

PM orbital localization begins: using mulliken population
natom=6
niter=    1, sum_change=      1.0196120
niter=    2, sum_change=      0.3048361
niter=    3, sum_change=      0.0051936
niter=    4, sum_change=      0.0839763
niter=    5, sum_change=      0.0001937
niter=    6, sum_change=      0.0120811
niter=    7, sum_change=      0.0000133
niter=    8, sum_change=      0.0000399
niter=    9, sum_change=      0.0000000
Localization converged successfully.
Localization time(sec):0
2 8 8 14
