

generating fragment guess
fragments: [('N', [0.0, 0.0, 0.0])] [('N', [0.0, 0.0, 2.0])]
converged SCF energy = -54.4006862065109  <S^2> = 3.7560899  2S+1 = 4.0030438
converged SCF energy = -54.4006862065109  <S^2> = 3.7560899  2S+1 = 4.0030438
       na   nb
atom1   5    2
atom2   2    5


******** <class 'pyscf.scf.uhf.UHF'> ********
method = UHF
initial guess = minao
damping factor = 0
level_shift factor = 0
DIIS = <class 'pyscf.scf.diis.CDIIS'>
diis_start_cycle = 1
diis_space = 8
SCF conv_tol = 1e-09
SCF conv_tol_grad = None
SCF max_cycles = 2
direct_scf = True
direct_scf_tol = 1e-13
chkfile to save SCF result = /share/home/srwang/ExSCF/test/dft/tmpmm3xso6l
max_memory 4000 MB (current use 110 MB)
number electrons alpha = 7  beta = 7
Set gradient conv threshold to 3.16228e-05
E1 = -173.83965366779756  Ecoul = 51.986400295039566
init E= -108.888411705218
cond(S) = 174.09387098524934
    CPU time for initialize scf      0.17 sec, wall time      0.04 sec
  alpha nocc = 7  HOMO = -0.499803534259007  LUMO = 0.143320556821607
  beta  nocc = 7  HOMO = -0.499803534259024  LUMO = 0.143320556821605
  alpha mo_energy =
[-15.66961047 -15.5806619   -1.18494076  -0.78795316  -0.57198884
  -0.57198884  -0.49980353   0.14332056   0.14332056   0.20275573
   0.5773428    0.60155293   0.60155293   0.70840424   0.7746913
   0.77950125   0.77950125   1.02900475   1.10076591   1.10076591
   1.17446776   1.17446776   1.31408338   1.35075367   1.35075367
   1.57688035   1.57688035   2.01917578   3.14731343   3.17296826
   3.17296826   3.34592998   3.34592998   3.45192573   4.07716514
   4.07716514   4.09440646   4.166846     4.166846     4.1824395
   4.1824395    4.29320509   4.29320509   4.30342414   4.30342414
   4.40302868   4.40302868   4.54657057   4.75293125   4.75293125
   4.79551935   4.79551935   4.9455335    4.9455335    5.00871089
   5.15179674   5.15179674   5.63857944   5.86723811   6.43005669]
  beta  mo_energy =
[-15.66961047 -15.5806619   -1.18494076  -0.78795316  -0.57198884
  -0.57198884  -0.49980353   0.14332056   0.14332056   0.20275573
   0.5773428    0.60155293   0.60155293   0.70840424   0.7746913
   0.77950125   0.77950125   1.02900475   1.10076591   1.10076591
   1.17446776   1.17446776   1.31408338   1.35075367   1.35075367
   1.57688035   1.57688035   2.01917578   3.14731343   3.17296826
   3.17296826   3.34592998   3.34592998   3.45192573   4.07716514
   4.07716514   4.09440646   4.166846     4.166846     4.1824395
   4.1824395    4.29320509   4.29320509   4.30342414   4.30342414
   4.40302868   4.40302868   4.54657057   4.75293125   4.75293125
   4.79551935   4.79551935   4.9455335    4.9455335    5.00871089
   5.15179674   5.15179674   5.63857944   5.86723811   6.43005669]
multiplicity <S^2> = 2.8436181  2S+1 = 3.5177368
E1 = -173.79321640032072  Ecoul = 52.04279030620435
cycle= 1 E= -108.785584426576  delta_E= 0.103  |g|= 0.0409  |ddm|= 0.258
    CPU time for cycle= 1      0.05 sec, wall time      0.01 sec
diis-norm(errvec)=0.106023
diis-c [-0.01124087  1.        ]
  alpha nocc = 7  HOMO = -0.54128791565449  LUMO = 0.14173846575909
  beta  nocc = 7  HOMO = -0.541287915654501  LUMO = 0.141738465759087
  alpha mo_energy =
[-15.66590815 -15.57813508  -1.1705244   -0.75784627  -0.57040297
  -0.57040297  -0.54128792   0.14173847   0.14173847   0.19590235
   0.58284346   0.60037659   0.60037659   0.70604929   0.76914887
   0.77807234   0.77807234   1.02628788   1.09784325   1.09784325
   1.1725792    1.1725792    1.30941009   1.34852325   1.34852325
   1.57530113   1.57530113   2.0210204    3.14899512   3.17388934
   3.17388934   3.34570287   3.34570287   3.45170287   4.07724166
   4.07724166   4.09248939   4.16626626   4.16626626   4.18168508
   4.18168508   4.29141321   4.29141321   4.30098636   4.30098636
   4.39840108   4.39840108   4.54141933   4.75354797   4.75354797
   4.79459729   4.79459729   4.94488068   4.94488068   5.00852176
   5.15330347   5.15330347   5.6395564    5.86662023   6.43002071]
  beta  mo_energy =
[-15.66590815 -15.57813508  -1.1705244   -0.75784627  -0.57040297
  -0.57040297  -0.54128792   0.14173847   0.14173847   0.19590235
   0.58284346   0.60037659   0.60037659   0.70604929   0.76914887
   0.77807234   0.77807234   1.02628788   1.09784325   1.09784325
   1.1725792    1.1725792    1.30941009   1.34852325   1.34852325
   1.57530113   1.57530113   2.0210204    3.14899512   3.17388934
   3.17388934   3.34570287   3.34570287   3.45170287   4.07724166
   4.07724166   4.09248939   4.16626626   4.16626626   4.18168508
   4.18168508   4.29141321   4.29141321   4.30098636   4.30098636
   4.39840108   4.39840108   4.54141933   4.75354797   4.75354797
   4.79459729   4.79459729   4.94488068   4.94488068   5.00852176
   5.15330347   5.15330347   5.6395564    5.86662023   6.43002071]
multiplicity <S^2> = 2.8058025  2S+1 = 3.4961707
E1 = -173.7712479237901  Ecoul = 52.018795426396885
cycle= 2 E= -108.787610829853  delta_E= -0.00203  |g|= 0.0192  |ddm|= 0.0346
    CPU time for cycle= 2      0.05 sec, wall time      0.01 sec
    CPU time for scf_cycle      0.27 sec, wall time      0.07 sec
    CPU time for SCF      0.27 sec, wall time      0.07 sec
SCF not converged.
SCF energy = -108.787610829853 after 2 cycles  <S^2> = 2.8058025  2S+1 = 3.4961707

******** <class 'pyphf.util.SUHF'> ********
max_cycle = 50
verbose: 4, normal
DIIS: <class 'pyscf.scf.diis.CDIIS'>
diis_start_cyc = 10
grids:  [0.06237655 0.31939555 0.74529195 1.28265786 1.85893479 2.39630071
 2.8221971  3.07921611] 
weights:  [0.15900941 0.34931531 0.49276925 0.56970235 0.56970235 0.49276925
 0.34931531 0.15900941]
S = 0.0, Sz = 0.0
Wigner small d:  1
value : [1. 1. 1. 1. 1. 1. 1. 1.]
time for Preparation before cyc: 0.005
**** Start Cycle 1 ****
time for NO, Ng: 0.018
time for Gg: 0.297
detC 0.9999999999999997
detNg [    1.002733     1.074443     1.487434     3.39736     15.817383   164.931886  2925.515295 16979.626775]
xg [0.997274 0.930715 0.672299 0.294346 0.063222 0.006063 0.000342 0.000059]
ciS 0.5340168343558522
ciH -65.02662864481857
S2 = -0.000000
Hsp + Hph =  -121.76887405292331
Alpha occ 7 vir 53; Beta occ 7 vir 53
Alpha energies:  [-15.584046  -1.170648  -0.760446  -0.570596  -0.570596  -0.540454] <- HOMO
         LUMO->  [0.140486 0.140486 0.193633 0.582813 0.600125 0.600125]
Beta energies:   [-15.584046  -1.170648  -0.760446  -0.570596  -0.570596  -0.540454] <- HOMO
         LUMO->  [0.140486 0.140486 0.193633 0.582813 0.600125 0.600125]
time for xg, H, S2, Yg, Feff: 0.031
 E(SUHF) =   -108.80403239
**** Start Cycle 2 ****
time for NO, Ng: 0.018
time for Gg: 0.293
detC -1.0000000000000053
detNg [    1.002721     1.074101     1.484593     3.373275    15.475779   155.202425  2485.753971 12499.879877]
xg [0.997286 0.931012 0.673585 0.296448 0.064617 0.006443 0.000402 0.00008 ]
ciS 0.5365234484688419
ciH -65.3328450918605
S2 = -0.000000
Hsp + Hph =  -121.77071715749
Alpha occ 7 vir 53; Beta occ 7 vir 53
Alpha energies:  [-15.585675  -1.173731  -0.759616  -0.572085  -0.572085  -0.540584] <- HOMO
         LUMO->  [0.139502 0.139502 0.192164 0.583379 0.599338 0.599338]
Beta energies:   [-15.585675  -1.173731  -0.759616  -0.572085  -0.572085  -0.540584] <- HOMO
         LUMO->  [0.139502 0.139502 0.192164 0.583379 0.599338 0.599338]
time for xg, H, S2, Yg, Feff: 0.030
 E(SUHF) =   -108.80587549, delta E = -0.0018431, MaxD(dm) = 0.00598901, RMSD(dm) =  0.0267654
**** Start Cycle 3 ****
time for NO, Ng: 0.018
time for Gg: 0.298
detC 1.0000000000000004
detNg [    1.002717     1.073977     1.483548     3.364145    15.345948   151.830482  2370.541904 11607.656415]
xg [0.99729  0.931119 0.67406  0.297252 0.065164 0.006586 0.000422 0.000086]
ciS 0.537481823194357
ciH -65.44991142744718
S2 = -0.000001
Hsp + Hph =  -121.77139505567995
Alpha occ 7 vir 53; Beta occ 7 vir 53
Alpha energies:  [-15.584626  -1.174758  -0.758     -0.572623  -0.572623  -0.540215] <- HOMO
         LUMO->  [0.139592 0.139592 0.191991 0.584005 0.599098 0.599098]
Beta energies:   [-15.584626  -1.174758  -0.758     -0.572623  -0.572623  -0.540215] <- HOMO
         LUMO->  [0.139592 0.139592 0.191991 0.584005 0.599098 0.599098]
time for xg, H, S2, Yg, Feff: 0.032
 E(SUHF) =   -108.80655339, delta E = -0.000677898, MaxD(dm) = 0.00385465, RMSD(dm) =  0.0176244
**** Start Cycle 4 ****
time for NO, Ng: 0.022
time for Gg: 0.295
detC 1.0000000000000004
detNg [    1.002715     1.073911     1.482981     3.359127    15.274762   150.06355   2317.974418 11253.649661]
xg [0.997293 0.931176 0.674318 0.297696 0.065467 0.006664 0.000431 0.000089]
ciS 0.5380098249027458
ciH -65.51436370817086
S2 = -0.000001
Hsp + Hph =  -121.77168645575138
Alpha occ 7 vir 53; Beta occ 7 vir 53
Alpha energies:  [-15.584343  -1.175538  -0.757001  -0.573193  -0.573193  -0.540157] <- HOMO
         LUMO->  [0.139558 0.139558 0.191745 0.584417 0.598852 0.598852]
Beta energies:   [-15.584343  -1.175538  -0.757001  -0.573193  -0.573193  -0.540157] <- HOMO
         LUMO->  [0.139558 0.139558 0.191745 0.584417 0.598852 0.598852]
time for xg, H, S2, Yg, Feff: 0.031
 E(SUHF) =   -108.80684479, delta E = -0.0002914, MaxD(dm) = 0.00258515, RMSD(dm) =  0.0117903
**** Start Cycle 5 ****
time for NO, Ng: 0.018
time for Gg: 0.291
detC -1.0000000000000009
detNg [    1.002713     1.073868     1.482616     3.355921    15.229857   148.981334  2288.021371 11067.113444]
xg [0.997294 0.931213 0.674484 0.297981 0.06566  0.006712 0.000437 0.00009 ]
ciS 0.5383469947328618
ciH -65.55549133329676
S2 = -0.000001
Hsp + Hph =  -121.77181627219197
Alpha occ 7 vir 53; Beta occ 7 vir 53
Alpha energies:  [-15.584076  -1.176021  -0.756316  -0.573582  -0.573582  -0.540105] <- HOMO
         LUMO->  [0.139554 0.139554 0.191586 0.584717 0.598686 0.598686]
Beta energies:   [-15.584076  -1.176021  -0.756316  -0.573582  -0.573582  -0.540105] <- HOMO
         LUMO->  [0.139554 0.139554 0.191586 0.584717 0.598686 0.598686]
time for xg, H, S2, Yg, Feff: 0.030
 E(SUHF) =   -108.80697460, delta E = -0.000129816, MaxD(dm) = 0.00176364, RMSD(dm) = 0.00796089
**** Start Cycle 6 ****
time for NO, Ng: 0.018
time for Gg: 0.293
detC -1.000000000000003
detNg [    1.002712     1.073838     1.48236      3.353713    15.199466   148.264361  2268.873939 10952.187185]
xg [0.997295 0.93124  0.6746   0.298177 0.065792 0.006745 0.000441 0.000091]
ciS 0.5385788009524479
ciH -65.58375047703856
S2 = -0.000001
Hsp + Hph =  -121.77187509247895
Alpha occ 7 vir 53; Beta occ 7 vir 53
Alpha energies:  [-15.583915  -1.176344  -0.755875  -0.573858  -0.573858  -0.540074] <- HOMO
         LUMO->  [0.139545 0.139545 0.191464 0.584928 0.598566 0.598566]
Beta energies:   [-15.583915  -1.176344  -0.755875  -0.573858  -0.573858  -0.540074] <- HOMO
         LUMO->  [0.139545 0.139545 0.191464 0.584928 0.598566 0.598566]
time for xg, H, S2, Yg, Feff: 0.031
 E(SUHF) =   -108.80703342, delta E = -5.88203e-05, MaxD(dm) = 0.00121311, RMSD(dm) = 0.00540198
**** Start Cycle 7 ****
time for NO, Ng: 0.018
time for Gg: 0.293
detC -0.999999999999999
detNg [    1.002712     1.073816     1.482176     3.352145    15.17826    147.77249   2255.985567 10876.093856]
xg [0.997296 0.931259 0.674684 0.298316 0.065884 0.006767 0.000443 0.000092]
ciS 0.538743115858276
ciH -65.60377393548005
S2 = -0.000001
Hsp + Hph =  -121.77190205199403
Alpha occ 7 vir 53; Beta occ 7 vir 53
Alpha energies:  [-15.583811  -1.176557  -0.75559   -0.574048  -0.574048  -0.540052] <- HOMO
         LUMO->  [0.139537 0.139537 0.191373 0.585077 0.598483 0.598483]
Beta energies:   [-15.583811  -1.176557  -0.75559   -0.574048  -0.574048  -0.540052] <- HOMO
         LUMO->  [0.139537 0.139537 0.191373 0.585077 0.598483 0.598483]
time for xg, H, S2, Yg, Feff: 0.030
 E(SUHF) =   -108.80706038, delta E = -2.69595e-05, MaxD(dm) = 0.00083785, RMSD(dm) = 0.00368049
**** Start Cycle 8 ****
time for NO, Ng: 0.018
time for Gg: 0.291
detC 1.0000000000000016
detNg [    1.002711     1.073799     1.482042     3.351018    15.163283   147.429836  2247.107654 10824.064837]
xg [0.997296 0.931273 0.674745 0.298417 0.065949 0.006783 0.000445 0.000092]
ciS 0.5388608403350477
ciH -65.61811618716419
S2 = -0.000001
Hsp + Hph =  -121.77191451946072
Alpha occ 7 vir 53; Beta occ 7 vir 53
Alpha energies:  [-15.58375   -1.1767    -0.755408  -0.574179  -0.574179  -0.540035] <- HOMO
         LUMO->  [0.139531 0.139531 0.191306 0.585182 0.598425 0.598425]
Beta energies:   [-15.58375   -1.1767    -0.755408  -0.574179  -0.574179  -0.540035] <- HOMO
         LUMO->  [0.139531 0.139531 0.191306 0.585182 0.598425 0.598425]
time for xg, H, S2, Yg, Feff: 0.031
 E(SUHF) =   -108.80707285, delta E = -1.24675e-05, MaxD(dm) = 0.000579959, RMSD(dm) = 0.00251563
**** Start Cycle 9 ****
time for NO, Ng: 0.018
time for Gg: 0.291
detC 0.9999999999999959
detNg [    1.002711     1.073788     1.481944     3.350208    15.152667   147.189707  2240.933019 10788.010426]
xg [0.997297 0.931283 0.674789 0.298489 0.065995 0.006794 0.000446 0.000093]
ciS 0.5389453298810121
ciH -65.6284077711502
S2 = -0.000001
Hsp + Hph =  -121.77192032750258
Alpha occ 7 vir 53; Beta occ 7 vir 53
Alpha energies:  [-15.583714  -1.176794  -0.755292  -0.574269  -0.574269  -0.540024] <- HOMO
         LUMO->  [0.139525 0.139525 0.191257 0.585255 0.598384 0.598384]
Beta energies:   [-15.583714  -1.176794  -0.755292  -0.574269  -0.574269  -0.540024] <- HOMO
         LUMO->  [0.139525 0.139525 0.191257 0.585255 0.598384 0.598384]
time for xg, H, S2, Yg, Feff: 0.032
 E(SUHF) =   -108.80707866, delta E = -5.80804e-06, MaxD(dm) = 0.000401954, RMSD(dm) = 0.00172406
**** Start Cycle 10 ****
time for NO, Ng: 0.019
time for Gg: 0.294
detC -1.0000000000000016
detNg [    1.00271      1.073779     1.481873     3.349627    15.145141   147.02111   2236.621757 10762.886642]
xg [0.997297 0.93129  0.674821 0.298541 0.066028 0.006802 0.000447 0.000093]
ciS 0.5390058593647767
ciH -65.63578003001419
S2 = -0.000001
Hsp + Hph =  -121.77192304990258
Alpha occ 7 vir 53; Beta occ 7 vir 53
Alpha energies:  [-15.583695  -1.176858  -0.755218  -0.574331  -0.574331  -0.540015] <- HOMO
         LUMO->  [0.139521 0.139521 0.191222 0.585307 0.598356 0.598356]
Beta energies:   [-15.583695  -1.176858  -0.755218  -0.574331  -0.574331  -0.540015] <- HOMO
         LUMO->  [0.139521 0.139521 0.191222 0.585307 0.598356 0.598356]
time for xg, H, S2, Yg, Feff: 0.031
 E(SUHF) =   -108.80708138, delta E = -2.7224e-06, MaxD(dm) = 0.000278797, RMSD(dm) = 0.00118422
**** Start Cycle 11 ****
time for NO, Ng: 0.018
time for Gg: 0.293
detC -0.9999999999999987
detNg [    1.00271      1.073773     1.481822     3.349211    15.139814   146.902725  2233.607464 10745.341598]
xg [0.997297 0.931296 0.674845 0.298578 0.066051 0.006807 0.000448 0.000093]
ciS 0.5390490960754395
ciH -65.64104573886796
S2 = -0.000001
Hsp + Hph =  -121.77192433262434
F(mod,ortho) updated with CDIIS
Alpha occ 7 vir 53; Beta occ 7 vir 53
Alpha energies:  [-15.583685  -1.1769    -0.755171  -0.574373  -0.574373  -0.540009] <- HOMO
         LUMO->  [0.139517 0.139517 0.191196 0.585343 0.598337 0.598337]
Beta energies:   [-15.583685  -1.1769    -0.755171  -0.574373  -0.574373  -0.540009] <- HOMO
         LUMO->  [0.139517 0.139517 0.191196 0.585343 0.598337 0.598337]
time for xg, H, S2, Yg, Feff: 0.031
 E(SUHF) =   -108.80708267, delta E = -1.28272e-06, MaxD(dm) = 0.000193472, RMSD(dm) = 0.000814966
**** Start Cycle 12 ****
time for NO, Ng: 0.018
time for Gg: 0.293
detC -1.000000000000001
detNg [    1.00271      1.073768     1.481785     3.348914    15.136049   146.819649  2231.499428 10733.080185]
xg [0.997297 0.9313   0.674862 0.298604 0.066067 0.006811 0.000448 0.000093]
ciS 0.5390798843485191
ciH -65.64479521337879
S2 = -0.000001
Hsp + Hph =  -121.77192493967917
F(mod,ortho) updated with CDIIS
Alpha occ 7 vir 53; Beta occ 7 vir 53
Alpha energies:  [-15.58367   -1.176992  -0.755074  -0.574467  -0.574467  -0.539997] <- HOMO
         LUMO->  [0.139509 0.139509 0.191138 0.585425 0.598293 0.598293]
Beta energies:   [-15.58367   -1.176992  -0.755074  -0.574467  -0.574467  -0.539997] <- HOMO
         LUMO->  [0.139509 0.139509 0.191138 0.585425 0.598293 0.598293]
time for xg, H, S2, Yg, Feff: 0.031
 E(SUHF) =   -108.80708327, delta E = -6.07055e-07, MaxD(dm) = 0.000428861, RMSD(dm) = 0.00179444
**** Start Cycle 13 ****
time for NO, Ng: 0.018
time for Gg: 0.294
detC 1.0000000000000016
detNg [    1.002709     1.073758     1.481701     3.348241    15.127575   146.633826  2226.799534 10705.759269]
xg [0.997298 0.931309 0.6749   0.298664 0.066104 0.00682  0.000449 0.000093]
ciS 0.5391496752191327
ciH -65.65329407870303
S2 = -0.000001
Hsp + Hph =  -121.77192548992787
F(mod,ortho) updated with CDIIS
Alpha occ 7 vir 53; Beta occ 7 vir 53
Alpha energies:  [-15.583683  -1.176988  -0.755085  -0.574468  -0.574468  -0.539996] <- HOMO
         LUMO->  [0.139507 0.139507 0.191133 0.585428 0.598292 0.598292]
Beta energies:   [-15.583683  -1.176988  -0.755085  -0.574468  -0.574468  -0.539996] <- HOMO
         LUMO->  [0.139507 0.139507 0.191133 0.585428 0.598292 0.598292]
time for xg, H, S2, Yg, Feff: 0.031
 E(SUHF) =   -108.80708382, delta E = -5.50249e-07, MaxD(dm) = 1.96349e-05, RMSD(dm) = 7.77632e-05
**** Start Cycle 14 ****
time for NO, Ng: 0.018
time for Gg: 0.295
detC -0.9999999999999991
detNg [    1.002709     1.073757     1.481695     3.348196    15.12712    146.625593  2226.60844  10704.650049]
xg [0.997298 0.93131  0.674903 0.298668 0.066106 0.00682  0.000449 0.000093]
ciS 0.5391541592056447
ciH -65.65384010329515
S2 = -0.000001
Hsp + Hph =  -121.7719254916355
F(mod,ortho) updated with CDIIS
Alpha occ 7 vir 53; Beta occ 7 vir 53
Alpha energies:  [-15.583684  -1.176989  -0.755087  -0.574468  -0.574468  -0.539997] <- HOMO
         LUMO->  [0.139507 0.139507 0.191134 0.585428 0.598292 0.598292]
Beta energies:   [-15.583684  -1.176989  -0.755087  -0.574468  -0.574468  -0.539997] <- HOMO
         LUMO->  [0.139507 0.139507 0.191134 0.585428 0.598292 0.598292]
time for xg, H, S2, Yg, Feff: 0.031
 E(SUHF) =   -108.80708382, delta E = -1.70763e-09, MaxD(dm) = 5.71953e-07, RMSD(dm) = 2.88102e-06
**** Start Cycle 15 ****
time for NO, Ng: 0.018
time for Gg: 0.290
detC 1.000000000000003
detNg [    1.002709     1.073757     1.481695     3.348198    15.127143   146.626103  2226.620983 10704.719111]
xg [0.997298 0.931309 0.674903 0.298668 0.066106 0.00682  0.000449 0.000093]
ciS 0.539153976387917
ciH -65.65381784123065
S2 = -0.000001
Hsp + Hph =  -121.7719254916396
F(mod,ortho) updated with CDIIS
Alpha occ 7 vir 53; Beta occ 7 vir 53
Alpha energies:  [-15.583684  -1.176989  -0.755087  -0.574468  -0.574468  -0.539997] <- HOMO
         LUMO->  [0.139507 0.139507 0.191134 0.585428 0.598292 0.598292]
Beta energies:   [-15.583684  -1.176989  -0.755087  -0.574468  -0.574468  -0.539997] <- HOMO
         LUMO->  [0.139507 0.139507 0.191134 0.585428 0.598292 0.598292]
time for xg, H, S2, Yg, Feff: 0.031
 E(SUHF) =   -108.80708382, delta E = -4.10694e-12, MaxD(dm) = 2.25115e-07, RMSD(dm) = 8.74404e-07
**** Start Cycle 16 ****
time for NO, Ng: 0.018
time for Gg: 0.296
detC -0.9999999999999983
detNg [    1.002709     1.073757     1.481695     3.348198    15.127135   146.625932  2226.616061 10704.684538]
xg [0.997298 0.931309 0.674903 0.298668 0.066106 0.00682  0.000449 0.000093]
ciS 0.5391540472685429
ciH -65.65382647250117
S2 = -0.000001
Hsp + Hph =  -121.77192549164003
F(mod,ortho) updated with CDIIS
Alpha occ 7 vir 53; Beta occ 7 vir 53
Alpha energies:  [-15.583684  -1.176989  -0.755086  -0.574468  -0.574468  -0.539997] <- HOMO
         LUMO->  [0.139507 0.139507 0.191134 0.585428 0.598292 0.598292]
Beta energies:   [-15.583684  -1.176989  -0.755086  -0.574468  -0.574468  -0.539997] <- HOMO
         LUMO->  [0.139507 0.139507 0.191134 0.585428 0.598292 0.598292]
time for xg, H, S2, Yg, Feff: 0.034
 E(SUHF) =   -108.80708382, delta E = -4.26326e-13, MaxD(dm) = 1.43643e-07, RMSD(dm) = 4.93408e-07
**** Start Cycle 17 ****
time for NO, Ng: 0.020
time for Gg: 0.295
detC -0.9999999999999987
detNg [    1.002709     1.073757     1.481695     3.348197    15.127131   146.625832  2226.613363 10704.667164]
xg [0.997298 0.93131  0.674903 0.298668 0.066106 0.00682  0.000449 0.000093]
ciS 0.539154088222362
ciH -65.6538314595266
S2 = -0.000001
Hsp + Hph =  -121.7719254916401
F(mod,ortho) updated with CDIIS
Alpha occ 7 vir 53; Beta occ 7 vir 53
Alpha energies:  [-15.583684  -1.176989  -0.755086  -0.574468  -0.574468  -0.539997] <- HOMO
         LUMO->  [0.139507 0.139507 0.191134 0.585428 0.598292 0.598292]
Beta energies:   [-15.583684  -1.176989  -0.755086  -0.574468  -0.574468  -0.539997] <- HOMO
         LUMO->  [0.139507 0.139507 0.191134 0.585428 0.598292 0.598292]
time for xg, H, S2, Yg, Feff: 0.031

***************
SUHF converged at cycle 16
Final E(SUHF) =   -108.80708382, delta E = -7.10543e-14, MaxD(dm) = 1.14894e-08, RMSD(dm) = 5.06003e-08
time for cyc: 5.835
******* suhf density *****
Clebsch-Gordan coeff: < 0 0 0 0 | 0 0 > = 1
Clebsch-Gordan coeff: < 0 0 1 0 | 0 0 > = 0
xggint 1.0
SUHF NO occ alpha
 [ 0.999997  0.999997  0.998882  0.997657  0.781445  0.598817  0.598817  0.401183  0.401183  0.218555  0.002343  0.001118  0.000003  0.000003  0.
  0.        0.        0.        0.        0.        0.        0.        0.        0.        0.        0.        0.        0.        0.        0.
  0.        0.        0.        0.        0.       -0.       -0.       -0.       -0.       -0.       -0.       -0.       -0.       -0.       -0.
 -0.       -0.       -0.       -0.       -0.       -0.       -0.       -0.       -0.       -0.       -0.       -0.       -0.       -0.       -0.      ]
SUHF NO occ beta
 [ 0.999997  0.999997  0.998882  0.997657  0.781445  0.598817  0.598817  0.401183  0.401183  0.218555  0.002343  0.001118  0.000003  0.000003  0.
  0.        0.        0.        0.        0.        0.        0.        0.        0.        0.        0.        0.        0.        0.        0.
  0.        0.        0.        0.        0.       -0.       -0.       -0.       -0.       -0.       -0.       -0.       -0.       -0.       -0.
 -0.       -0.       -0.       -0.       -0.       -0.       -0.       -0.       -0.       -0.       -0.       -0.       -0.       -0.       -0.      ]
SUHF NO occ, total [ 1.999995  1.999994  1.997764  1.995314  1.562891  1.197634  1.197634  0.802366  0.802366  0.437109  0.004686  0.002236  0.000006  0.000005  0.
  0.        0.        0.        0.        0.        0.        0.        0.        0.        0.        0.        0.        0.        0.        0.
  0.        0.        0.        0.        0.       -0.       -0.       -0.       -0.       -0.       -0.       -0.       -0.       -0.       -0.
 -0.       -0.       -0.       -0.       -0.       -0.       -0.       -0.       -0.       -0.       -0.       -0.       -0.       -0.       -0.      ]
time for dm: 0.561
time tot: 6.401
***** Start DFT Correlation for SUHF+DFT **********
density: relaxed
truncation: f
natocc [ 1.999995  1.999994  1.997764  1.995314  1.562891  1.197634  1.197634  0.802366  0.802366  0.437109  0.004686  0.002236  0.000006  0.000005  0.
  0.        0.        0.        0.        0.        0.        0.        0.        0.        0.        0.        0.        0.        0.        0.
  0.        0.        0.        0.        0.       -0.       -0.       -0.       -0.       -0.       -0.       -0.       -0.       -0.       -0.
 -0.       -0.       -0.       -0.       -0.       -0.       -0.       -0.       -0.       -0.       -0.       -0.       -0.       -0.       -0.      ]
ref [2.0, 2.0, 2.0, 2.0, 2.0, 2.0, 2.0, 2.0, 2.0, 2.0, 0.0, 0.0, 0.0, 0.0, 0.0, 0.0, 0.0, 0.0, 0.0, 0.0, 0.0, 0.0, 0.0, 0.0, 0.0, 0.0, 0.0, 0.0, 0.0, 0.0, 0.0, 0.0, 0.0, 0.0, 0.0, 0.0, 0.0, 0.0, 0.0, 0.0, 0.0, 0.0, 0.0, 0.0, 0.0, 0.0, 0.0, 0.0, 0.0, 0.0, 0.0, 0.0, 0.0, 0.0, 0.0, 0.0, 0.0, 0.0, 0.0, 0.0]
E(SUHF) =   -108.80708382
E_c(TPSS) =     -0.28159593
E(SUHF+DFT) =   -109.08867975
f E_c(TPSS) =     -0.20296563
E(SUHF+fDFT) =   -109.01004946
time for DFT: 0.256
