nbf=   60
nif=   60
ON_criteria=  0.999990

The orthonormality of initial Alpha MO:
maxv=    0.0000000000
abs_mean=    0.0000000000

The orthonormality of initial Beta MO:
maxv=    0.0000000000
abs_mean=    0.0000000000

ndb  =    2
nact =    5
nact0=    5
idx  =    3   13    0

The orthonormality of final Alpha MO:
maxv=    0.0000000000
abs_mean=    0.0000000000

NOON: (can be copied into 'Alpha Orbital Energies' section of .fchk)
  1.99999670E+00  1.99999655E+00  1.99853653E+00  1.99666601E+00  1.45921069E+00
  1.14148904E+00  1.14148904E+00  8.58510963E-01  8.58510963E-01  5.40789312E-01
  3.33398741E-03  1.46346803E-03  0.00000000E+00  0.00000000E+00  0.00000000E+00
  0.00000000E+00  0.00000000E+00  0.00000000E+00  0.00000000E+00  0.00000000E+00
  0.00000000E+00  0.00000000E+00  0.00000000E+00  0.00000000E+00  0.00000000E+00
  0.00000000E+00  0.00000000E+00  0.00000000E+00  0.00000000E+00  0.00000000E+00
  0.00000000E+00  0.00000000E+00  0.00000000E+00  0.00000000E+00  0.00000000E+00
  0.00000000E+00  0.00000000E+00  0.00000000E+00  0.00000000E+00  0.00000000E+00
  0.00000000E+00  0.00000000E+00  0.00000000E+00  0.00000000E+00  0.00000000E+00
  0.00000000E+00  0.00000000E+00  0.00000000E+00  0.00000000E+00  0.00000000E+00
  0.00000000E+00  0.00000000E+00  0.00000000E+00  0.00000000E+00  0.00000000E+00
  0.00000000E+00  0.00000000E+00  0.00000000E+00  0.00000000E+00  0.00000000E+00
