

#INFO: **** input file is /share/home/srwang/ExSCF/test/pytest/scan_h2/scan_fci.py ****
#import phf
from pyscf import lib, fci
#import scipy
import numpy as np
import sys, os, contextlib

from pyphf import util, sudft

#xyz = 'h2.xyz' #sys.argv[1]
fch = 'test_uhf.fchk' #sys.argv[2]
#bas = '../h2.bas'
bas = 'cc-pvtz'

lib.num_threads(16)

for r in np.arange(0.5, 2.55, 0.1):
    output = 'fci/fci_%.1f.out' % r
    os.system("echo '\n' > %s" % output)
    with open(output, 'a', encoding='utf-8') as f:
        with contextlib.redirect_stdout(f):
            xyz = '''H 0.0 0.0 0.0; H 0.0 0.0 %f'''%r
            mf = util.guess_from_fchk(xyz, bas, fch)
            #mf = util.guess(xyz, bas)
            mf.max_cycle = 50
            mf.kernel()
            ci = fci.FCI(mf)
            print('E(FCI) = %15.8f' % ci.kernel()[0])#INFO: ******************** input file end ********************


System: uname_result(system='Linux', node='xc02n18', release='3.10.0-693.el7.x86_64', version='#1 SMP Thu Jul 6 19:56:57 EDT 2017', machine='x86_64', processor='x86_64')  Threads 16
Python 3.7.4 (default, Aug 13 2019, 20:35:49) 
[GCC 7.3.0]
numpy 1.17.2  scipy 1.4.1
Date: Tue Nov 24 04:45:01 2020
PySCF version 1.7.5
PySCF path  /share/home/srwang/pyscf-1.7.5/pyscf

[CONFIG] conf_file None
[INPUT] verbose = 4
[INPUT] num. atoms = 2
[INPUT] num. electrons = 2
[INPUT] charge = 0
[INPUT] spin (= nelec alpha-beta = 2S) = 0
[INPUT] symmetry False subgroup None
[INPUT] Mole.unit = angstrom
[INPUT]  1 H      0.000000000000   0.000000000000   0.000000000000 AA    0.000000000000   0.000000000000   0.000000000000 Bohr
[INPUT]  2 H      0.000000000000   0.000000000000   1.600000000000 AA    0.000000000000   0.000000000000   3.023561799304 Bohr

nuclear repulsion = 0.330735756825
number of shells = 12
number of NR pGTOs = 32
number of NR cGTOs = 28
basis = cc-pvtz
ecp = {}
CPU time:        55.80


******** <class 'pyscf.scf.uhf.UHF'> ********
method = UHF
initial guess = minao
damping factor = 0
level_shift factor = 0
DIIS = <class 'pyscf.scf.diis.CDIIS'>
diis_start_cycle = 1
diis_space = 8
SCF conv_tol = 1e-09
SCF conv_tol_grad = None
SCF max_cycles = 1
direct_scf = True
direct_scf_tol = 1e-13
chkfile to save SCF result = /share/home/srwang/ExSCF/test/pytest/scan_h2/tmpxnn4ne0o
max_memory 4000 MB (current use 214 MB)
number electrons alpha = 1  beta = 1
Set gradient conv threshold to 3.16228e-05
init E= -0.671053549815293
  alpha nocc = 1  HOMO = -0.30350314017861  LUMO = -0.0472824475900294
  beta  nocc = 1  HOMO = -0.301776199778325  LUMO = -0.0466711214948892
cycle= 1 E= -0.985181803294675  delta_E= -0.314  |g|= 0.0353  |ddm|= 0.377
SCF not converged.
SCF energy = -0.985181803294675 after 1 cycles  <S^2> = 4.3111873e-07  2S+1 = 1.0000009


******** <class 'pyscf.scf.uhf.UHF'> ********
method = UHF
initial guess = minao
damping factor = 0
level_shift factor = 0
DIIS = <class 'pyscf.scf.diis.CDIIS'>
diis_start_cycle = 1
diis_space = 8
SCF conv_tol = 1e-09
SCF conv_tol_grad = None
SCF max_cycles = 1
direct_scf = True
direct_scf_tol = 1e-13
chkfile to save SCF result = /share/home/srwang/ExSCF/test/pytest/scan_h2/tmpxnn4ne0o
max_memory 4000 MB (current use 214 MB)
number electrons alpha = 1  beta = 1
Set gradient conv threshold to 3.16228e-05
init E= -0.978765965486302
  alpha nocc = 1  HOMO = -0.4889703310619  LUMO = 0.0397346989512163
  beta  nocc = 1  HOMO = -0.488970331061898  LUMO = 0.0397346989512155
cycle= 1 E= -1.01394472512435  delta_E= -0.0352  |g|= 0.0211  |ddm|= 0.0376
SCF not converged.
SCF energy = -1.01394472512435 after 1 cycles  <S^2> = 0.54406307  2S+1 = 1.7822043


******** <class 'pyscf.scf.uhf.UHF'> ********
method = UHF
initial guess = minao
damping factor = 0
level_shift factor = 0
DIIS = <class 'pyscf.scf.diis.CDIIS'>
diis_start_cycle = 1
diis_space = 8
SCF conv_tol = 1e-09
SCF conv_tol_grad = None
SCF max_cycles = 50
direct_scf = True
direct_scf_tol = 1e-13
chkfile to save SCF result = /share/home/srwang/ExSCF/test/pytest/scan_h2/tmpxnn4ne0o
max_memory 4000 MB (current use 214 MB)
number electrons alpha = 1  beta = 1
Set gradient conv threshold to 3.16228e-05
init E= -0.671053549815293
  alpha nocc = 1  HOMO = -0.30350314017861  LUMO = -0.0472824475900289
  beta  nocc = 1  HOMO = -0.301776199778325  LUMO = -0.0466711214948885
cycle= 1 E= -0.985181803294674  delta_E= -0.314  |g|= 0.0353  |ddm|= 0.377
  alpha nocc = 1  HOMO = -0.43118139299524  LUMO = 0.010929418870035
  beta  nocc = 1  HOMO = -0.431307688304889  LUMO = 0.0109038023604431
cycle= 2 E= -0.986371050378078  delta_E= -0.00119  |g|= 0.00664  |ddm|= 0.0239
  alpha nocc = 1  HOMO = -0.427946935585354  LUMO = 0.0153789131499768
  beta  nocc = 1  HOMO = -0.427995464502177  LUMO = 0.015372509556352
cycle= 3 E= -0.986415947353804  delta_E= -4.49e-05  |g|= 0.000153  |ddm|= 0.00548
  alpha nocc = 1  HOMO = -0.427895023562837  LUMO = 0.0154120261855725
  beta  nocc = 1  HOMO = -0.427916799288879  LUMO = 0.015409911795872
cycle= 4 E= -0.986415964118214  delta_E= -1.68e-08  |g|= 1.76e-05  |ddm|= 0.000154
  alpha nocc = 1  HOMO = -0.427918451581138  LUMO = 0.0154012292565147
  beta  nocc = 1  HOMO = -0.427925081743303  LUMO = 0.0154009145802894
cycle= 5 E= -0.986415964712158  delta_E= -5.94e-10  |g|= 4.92e-06  |ddm|= 4.03e-05
  alpha nocc = 1  HOMO = -0.427917052242381  LUMO = 0.0154021982509782
  beta  nocc = 1  HOMO = -0.427920471555266  LUMO = 0.0154020703103067
Extra cycle  E= -0.986415964751803  delta_E= -3.96e-11  |g|= 2.49e-06  |ddm|= 7.32e-06
converged SCF energy = -0.986415964751803  <S^2> = 6.8008266e-11  2S+1 = 1
E(FCI) =     -1.05381343
