

#INFO: **** input file is /share/home/srwang/ExSCF/test/pytest/scan_h2/scan_fci.py ****
#import phf
from pyscf import lib, fci
#import scipy
import numpy as np
import sys, os, contextlib

from pyphf import util, sudft

#xyz = 'h2.xyz' #sys.argv[1]
fch = 'test_uhf.fchk' #sys.argv[2]
#bas = '../h2.bas'
bas = 'cc-pvtz'

lib.num_threads(16)

for r in np.arange(0.5, 2.55, 0.1):
    output = 'fci/fci_%.1f.out' % r
    os.system("echo '\n' > %s" % output)
    with open(output, 'a', encoding='utf-8') as f:
        with contextlib.redirect_stdout(f):
            xyz = '''H 0.0 0.0 0.0; H 0.0 0.0 %f'''%r
            mf = util.guess_from_fchk(xyz, bas, fch)
            #mf = util.guess(xyz, bas)
            mf.max_cycle = 50
            mf.kernel()
            ci = fci.FCI(mf)
            print('E(FCI) = %15.8f' % ci.kernel()[0])#INFO: ******************** input file end ********************


System: uname_result(system='Linux', node='xc02n18', release='3.10.0-693.el7.x86_64', version='#1 SMP Thu Jul 6 19:56:57 EDT 2017', machine='x86_64', processor='x86_64')  Threads 16
Python 3.7.4 (default, Aug 13 2019, 20:35:49) 
[GCC 7.3.0]
numpy 1.17.2  scipy 1.4.1
Date: Tue Nov 24 04:44:58 2020
PySCF version 1.7.5
PySCF path  /share/home/srwang/pyscf-1.7.5/pyscf

[CONFIG] conf_file None
[INPUT] verbose = 4
[INPUT] num. atoms = 2
[INPUT] num. electrons = 2
[INPUT] charge = 0
[INPUT] spin (= nelec alpha-beta = 2S) = 0
[INPUT] symmetry False subgroup None
[INPUT] Mole.unit = angstrom
[INPUT]  1 H      0.000000000000   0.000000000000   0.000000000000 AA    0.000000000000   0.000000000000   0.000000000000 Bohr
[INPUT]  2 H      0.000000000000   0.000000000000   0.600000000000 AA    0.000000000000   0.000000000000   1.133835674739 Bohr

nuclear repulsion = 0.8819620182
number of shells = 12
number of NR pGTOs = 32
number of NR cGTOs = 28
basis = cc-pvtz
ecp = {}
CPU time:         7.76


******** <class 'pyscf.scf.uhf.UHF'> ********
method = UHF
initial guess = minao
damping factor = 0
level_shift factor = 0
DIIS = <class 'pyscf.scf.diis.CDIIS'>
diis_start_cycle = 1
diis_space = 8
SCF conv_tol = 1e-09
SCF conv_tol_grad = None
SCF max_cycles = 1
direct_scf = True
direct_scf_tol = 1e-13
chkfile to save SCF result = /share/home/srwang/ExSCF/test/pytest/scan_h2/tmp3tpnftzb
max_memory 4000 MB (current use 206 MB)
number electrons alpha = 1  beta = 1
Set gradient conv threshold to 3.16228e-05
init E= -0.824483430223519
  alpha nocc = 1  HOMO = -0.626172106841109  LUMO = 0.160075943594785
  beta  nocc = 1  HOMO = -0.632544006922478  LUMO = 0.160102193123324
cycle= 1 E= -1.11430937471772  delta_E= -0.29  |g|= 0.034  |ddm|= 0.335
SCF not converged.
SCF energy = -1.11430937471772 after 1 cycles  <S^2> = 1.4992137e-05  2S+1 = 1.00003


******** <class 'pyscf.scf.uhf.UHF'> ********
method = UHF
initial guess = minao
damping factor = 0
level_shift factor = 0
DIIS = <class 'pyscf.scf.diis.CDIIS'>
diis_start_cycle = 1
diis_space = 8
SCF conv_tol = 1e-09
SCF conv_tol_grad = None
SCF max_cycles = 1
direct_scf = True
direct_scf_tol = 1e-13
chkfile to save SCF result = /share/home/srwang/ExSCF/test/pytest/scan_h2/tmp3tpnftzb
max_memory 4000 MB (current use 207 MB)
number electrons alpha = 1  beta = 1
Set gradient conv threshold to 3.16228e-05
init E= -1.23222988216284
  alpha nocc = 1  HOMO = -0.59263360852823  LUMO = 0.265872353182891
  beta  nocc = 1  HOMO = -0.592633608528231  LUMO = 0.265872353182888
cycle= 1 E= -1.09744886655862  delta_E= 0.135  |g|= 0.111  |ddm|= 0.221
SCF not converged.
SCF energy = -1.09744886655862 after 1 cycles  <S^2> = 0.061191246  2S+1 = 1.1156904


******** <class 'pyscf.scf.uhf.UHF'> ********
method = UHF
initial guess = minao
damping factor = 0
level_shift factor = 0
DIIS = <class 'pyscf.scf.diis.CDIIS'>
diis_start_cycle = 1
diis_space = 8
SCF conv_tol = 1e-09
SCF conv_tol_grad = None
SCF max_cycles = 50
direct_scf = True
direct_scf_tol = 1e-13
chkfile to save SCF result = /share/home/srwang/ExSCF/test/pytest/scan_h2/tmp3tpnftzb
max_memory 4000 MB (current use 207 MB)
number electrons alpha = 1  beta = 1
Set gradient conv threshold to 3.16228e-05
init E= -0.824483430223519
  alpha nocc = 1  HOMO = -0.626172106841108  LUMO = 0.160075943594781
  beta  nocc = 1  HOMO = -0.632544006922478  LUMO = 0.16010219312332
cycle= 1 E= -1.11430937471772  delta_E= -0.29  |g|= 0.034  |ddm|= 0.335
  alpha nocc = 1  HOMO = -0.649968458270847  LUMO = 0.181101890890112
  beta  nocc = 1  HOMO = -0.651421121223866  LUMO = 0.181312227197815
cycle= 2 E= -1.11537338362144  delta_E= -0.00106  |g|= 0.00534  |ddm|= 0.023
  alpha nocc = 1  HOMO = -0.642121712194659  LUMO = 0.183990626399403
  beta  nocc = 1  HOMO = -0.64274388651879  LUMO = 0.184084516415919
cycle= 3 E= -1.11540904148965  delta_E= -3.57e-05  |g|= 0.000755  |ddm|= 0.00614
  alpha nocc = 1  HOMO = -0.641842414587408  LUMO = 0.184244130818648
  beta  nocc = 1  HOMO = -0.642086993323716  LUMO = 0.184280540836812
cycle= 4 E= -1.11540965078862  delta_E= -6.09e-07  |g|= 0.000147  |ddm|= 0.00101
  alpha nocc = 1  HOMO = -0.641972134115804  LUMO = 0.184264157802099
  beta  nocc = 1  HOMO = -0.641976072099905  LUMO = 0.184264882496769
cycle= 5 E= -1.11540968347357  delta_E= -3.27e-08  |g|= 1.46e-05  |ddm|= 0.000192
  alpha nocc = 1  HOMO = -0.641974846886929  LUMO = 0.184260267888663
  beta  nocc = 1  HOMO = -0.641975242008082  LUMO = 0.184260299087475
cycle= 6 E= -1.11540968365265  delta_E= -1.79e-10  |g|= 1.06e-06  |ddm|= 2.3e-05
  alpha nocc = 1  HOMO = -0.64197582562905  LUMO = 0.184260527199023
  beta  nocc = 1  HOMO = -0.64197590959941  LUMO = 0.184260540932186
Extra cycle  E= -1.11540968365322  delta_E= -5.61e-13  |g|= 1.33e-07  |ddm|= 4.57e-07
converged SCF energy = -1.11540968365322  <S^2> = 1.4432899e-14  2S+1 = 1
E(FCI) =     -1.15351794
