

#INFO: **** input file is /share/home/srwang/ExSCF/test/pytest/scan_h2/scan_fci.py ****
#import phf
from pyscf import lib, fci
#import scipy
import numpy as np
import sys, os, contextlib

from pyphf import util, sudft

#xyz = 'h2.xyz' #sys.argv[1]
fch = 'test_uhf.fchk' #sys.argv[2]
#bas = '../h2.bas'
bas = 'cc-pvtz'

lib.num_threads(16)

for r in np.arange(0.5, 2.55, 0.1):
    output = 'fci/fci_%.1f.out' % r
    os.system("echo '\n' > %s" % output)
    with open(output, 'a', encoding='utf-8') as f:
        with contextlib.redirect_stdout(f):
            xyz = '''H 0.0 0.0 0.0; H 0.0 0.0 %f'''%r
            mf = util.guess_from_fchk(xyz, bas, fch)
            #mf = util.guess(xyz, bas)
            mf.max_cycle = 50
            mf.kernel()
            ci = fci.FCI(mf)
            print('E(FCI) = %15.8f' % ci.kernel()[0])#INFO: ******************** input file end ********************


System: uname_result(system='Linux', node='xc02n18', release='3.10.0-693.el7.x86_64', version='#1 SMP Thu Jul 6 19:56:57 EDT 2017', machine='x86_64', processor='x86_64')  Threads 16
Python 3.7.4 (default, Aug 13 2019, 20:35:49) 
[GCC 7.3.0]
numpy 1.17.2  scipy 1.4.1
Date: Tue Nov 24 04:45:02 2020
PySCF version 1.7.5
PySCF path  /share/home/srwang/pyscf-1.7.5/pyscf

[CONFIG] conf_file None
[INPUT] verbose = 4
[INPUT] num. atoms = 2
[INPUT] num. electrons = 2
[INPUT] charge = 0
[INPUT] spin (= nelec alpha-beta = 2S) = 0
[INPUT] symmetry False subgroup None
[INPUT] Mole.unit = angstrom
[INPUT]  1 H      0.000000000000   0.000000000000   0.000000000000 AA    0.000000000000   0.000000000000   0.000000000000 Bohr
[INPUT]  2 H      0.000000000000   0.000000000000   1.900000000000 AA    0.000000000000   0.000000000000   3.590479636674 Bohr

nuclear repulsion = 0.278514321536842
number of shells = 12
number of NR pGTOs = 32
number of NR cGTOs = 28
basis = cc-pvtz
ecp = {}
CPU time:        69.60


******** <class 'pyscf.scf.uhf.UHF'> ********
method = UHF
initial guess = minao
damping factor = 0
level_shift factor = 0
DIIS = <class 'pyscf.scf.diis.CDIIS'>
diis_start_cycle = 1
diis_space = 8
SCF conv_tol = 1e-09
SCF conv_tol_grad = None
SCF max_cycles = 1
direct_scf = True
direct_scf_tol = 1e-13
chkfile to save SCF result = /share/home/srwang/ExSCF/test/pytest/scan_h2/tmp_ou_aioa
max_memory 4000 MB (current use 207 MB)
number electrons alpha = 1  beta = 1
Set gradient conv threshold to 3.16228e-05
init E= -0.656273041701841
  alpha nocc = 1  HOMO = -0.26503152075914  LUMO = -0.0905188469787922
  beta  nocc = 1  HOMO = -0.263499508515098  LUMO = -0.0900736322131252
cycle= 1 E= -0.937637203283125  delta_E= -0.281  |g|= 0.0348  |ddm|= 0.412
SCF not converged.
SCF energy = -0.937637203283125 after 1 cycles  <S^2> = 2.846439e-07  2S+1 = 1.0000006


******** <class 'pyscf.scf.uhf.UHF'> ********
method = UHF
initial guess = minao
damping factor = 0
level_shift factor = 0
DIIS = <class 'pyscf.scf.diis.CDIIS'>
diis_start_cycle = 1
diis_space = 8
SCF conv_tol = 1e-09
SCF conv_tol_grad = None
SCF max_cycles = 1
direct_scf = True
direct_scf_tol = 1e-13
chkfile to save SCF result = /share/home/srwang/ExSCF/test/pytest/scan_h2/tmp_ou_aioa
max_memory 4000 MB (current use 207 MB)
number electrons alpha = 1  beta = 1
Set gradient conv threshold to 3.16228e-05
init E= -0.916238026774223
  alpha nocc = 1  HOMO = -0.489706914345201  LUMO = -0.00575716270591645
  beta  nocc = 1  HOMO = -0.489706914345202  LUMO = -0.00575716270591645
cycle= 1 E= -0.999051780444549  delta_E= -0.0828  |g|= 0.0419  |ddm|= 0.0844
SCF not converged.
SCF energy = -0.999051780444549 after 1 cycles  <S^2> = 0.69324917  2S+1 = 1.9424203


******** <class 'pyscf.scf.uhf.UHF'> ********
method = UHF
initial guess = minao
damping factor = 0
level_shift factor = 0
DIIS = <class 'pyscf.scf.diis.CDIIS'>
diis_start_cycle = 1
diis_space = 8
SCF conv_tol = 1e-09
SCF conv_tol_grad = None
SCF max_cycles = 50
direct_scf = True
direct_scf_tol = 1e-13
chkfile to save SCF result = /share/home/srwang/ExSCF/test/pytest/scan_h2/tmp_ou_aioa
max_memory 4000 MB (current use 207 MB)
number electrons alpha = 1  beta = 1
Set gradient conv threshold to 3.16228e-05
init E= -0.656273041701841
  alpha nocc = 1  HOMO = -0.265031520759139  LUMO = -0.0905188469787913
  beta  nocc = 1  HOMO = -0.263499508515098  LUMO = -0.0900736322131251
cycle= 1 E= -0.937637203283125  delta_E= -0.281  |g|= 0.0348  |ddm|= 0.412
  alpha nocc = 1  HOMO = -0.398688954271633  LUMO = -0.0319869207995076
  beta  nocc = 1  HOMO = -0.398775193954573  LUMO = -0.0320289695857818
cycle= 2 E= -0.938895146901632  delta_E= -0.00126  |g|= 0.00678  |ddm|= 0.025
  alpha nocc = 1  HOMO = -0.396742824616419  LUMO = -0.0283902693324502
  beta  nocc = 1  HOMO = -0.396774141903846  LUMO = -0.0284042786077624
cycle= 3 E= -0.938946183886218  delta_E= -5.1e-05  |g|= 0.000155  |ddm|= 0.00601
  alpha nocc = 1  HOMO = -0.396714873536022  LUMO = -0.0283975224517347
  beta  nocc = 1  HOMO = -0.396728444514201  LUMO = -0.0284031506830069
cycle= 4 E= -0.938946205506793  delta_E= -2.16e-08  |g|= 1.74e-05  |ddm|= 0.000271
  alpha nocc = 1  HOMO = -0.396739090392294  LUMO = -0.028415209077336
  beta  nocc = 1  HOMO = -0.396743613601299  LUMO = -0.0284168993147856
cycle= 5 E= -0.93894620602398  delta_E= -5.17e-10  |g|= 3.61e-06  |ddm|= 4.62e-05
  alpha nocc = 1  HOMO = -0.396738072180693  LUMO = -0.0284148948808523
  beta  nocc = 1  HOMO = -0.396740307755051  LUMO = -0.0284156918123325
Extra cycle  E= -0.938946206046188  delta_E= -2.22e-11  |g|= 1.77e-06  |ddm|= 6.39e-06
converged SCF energy = -0.938946206046188  <S^2> = 3.431655e-11  2S+1 = 1
E(FCI) =     -1.02657065
