

#INFO: **** input file is /share/home/srwang/ExSCF/test/pytest/scan_h2/scan_fci.py ****
#import phf
from pyscf import lib, fci
#import scipy
import numpy as np
import sys, os, contextlib

from pyphf import util, sudft

#xyz = 'h2.xyz' #sys.argv[1]
fch = 'test_uhf.fchk' #sys.argv[2]
#bas = '../h2.bas'
bas = 'cc-pvtz'

lib.num_threads(16)

for r in np.arange(0.5, 2.55, 0.1):
    output = 'fci/fci_%.1f.out' % r
    os.system("echo '\n' > %s" % output)
    with open(output, 'a', encoding='utf-8') as f:
        with contextlib.redirect_stdout(f):
            xyz = '''H 0.0 0.0 0.0; H 0.0 0.0 %f'''%r
            mf = util.guess_from_fchk(xyz, bas, fch)
            #mf = util.guess(xyz, bas)
            mf.max_cycle = 50
            mf.kernel()
            ci = fci.FCI(mf)
            print('E(FCI) = %15.8f' % ci.kernel()[0])#INFO: ******************** input file end ********************


System: uname_result(system='Linux', node='xc02n18', release='3.10.0-693.el7.x86_64', version='#1 SMP Thu Jul 6 19:56:57 EDT 2017', machine='x86_64', processor='x86_64')  Threads 16
Python 3.7.4 (default, Aug 13 2019, 20:35:49) 
[GCC 7.3.0]
numpy 1.17.2  scipy 1.4.1
Date: Tue Nov 24 04:44:59 2020
PySCF version 1.7.5
PySCF path  /share/home/srwang/pyscf-1.7.5/pyscf

[CONFIG] conf_file None
[INPUT] verbose = 4
[INPUT] num. atoms = 2
[INPUT] num. electrons = 2
[INPUT] charge = 0
[INPUT] spin (= nelec alpha-beta = 2S) = 0
[INPUT] symmetry False subgroup None
[INPUT] Mole.unit = angstrom
[INPUT]  1 H      0.000000000000   0.000000000000   0.000000000000 AA    0.000000000000   0.000000000000   0.000000000000 Bohr
[INPUT]  2 H      0.000000000000   0.000000000000   0.800000000000 AA    0.000000000000   0.000000000000   1.511780899652 Bohr

nuclear repulsion = 0.66147151365
number of shells = 12
number of NR pGTOs = 32
number of NR cGTOs = 28
basis = cc-pvtz
ecp = {}
CPU time:        18.99


******** <class 'pyscf.scf.uhf.UHF'> ********
method = UHF
initial guess = minao
damping factor = 0
level_shift factor = 0
DIIS = <class 'pyscf.scf.diis.CDIIS'>
diis_start_cycle = 1
diis_space = 8
SCF conv_tol = 1e-09
SCF conv_tol_grad = None
SCF max_cycles = 1
direct_scf = True
direct_scf_tol = 1e-13
chkfile to save SCF result = /share/home/srwang/ExSCF/test/pytest/scan_h2/tmpu8umxyau
max_memory 4000 MB (current use 207 MB)
number electrons alpha = 1  beta = 1
Set gradient conv threshold to 3.16228e-05
init E= -0.802721635191723
  alpha nocc = 1  HOMO = -0.523947320965198  LUMO = 0.125076878515373
  beta  nocc = 1  HOMO = -0.526116956459053  LUMO = 0.125241527721246
cycle= 1 E= -1.12937688501243  delta_E= -0.327  |g|= 0.0313  |ddm|= 0.328
SCF not converged.
SCF energy = -1.12937688501243 after 1 cycles  <S^2> = 5.3908113e-06  2S+1 = 1.0000108


******** <class 'pyscf.scf.uhf.UHF'> ********
method = UHF
initial guess = minao
damping factor = 0
level_shift factor = 0
DIIS = <class 'pyscf.scf.diis.CDIIS'>
diis_start_cycle = 1
diis_space = 8
SCF conv_tol = 1e-09
SCF conv_tol_grad = None
SCF max_cycles = 1
direct_scf = True
direct_scf_tol = 1e-13
chkfile to save SCF result = /share/home/srwang/ExSCF/test/pytest/scan_h2/tmpu8umxyau
max_memory 4000 MB (current use 207 MB)
number electrons alpha = 1  beta = 1
Set gradient conv threshold to 3.16228e-05
init E= -1.22127247007631
  alpha nocc = 1  HOMO = -0.541299377692539  LUMO = 0.22539370631537
  beta  nocc = 1  HOMO = -0.541299377692539  LUMO = 0.225393706315369
cycle= 1 E= -1.11229990924483  delta_E= 0.109  |g|= 0.0849  |ddm|= 0.149
SCF not converged.
SCF energy = -1.11229990924483 after 1 cycles  <S^2> = 0.12296701  2S+1 = 1.2214205


******** <class 'pyscf.scf.uhf.UHF'> ********
method = UHF
initial guess = minao
damping factor = 0
level_shift factor = 0
DIIS = <class 'pyscf.scf.diis.CDIIS'>
diis_start_cycle = 1
diis_space = 8
SCF conv_tol = 1e-09
SCF conv_tol_grad = None
SCF max_cycles = 50
direct_scf = True
direct_scf_tol = 1e-13
chkfile to save SCF result = /share/home/srwang/ExSCF/test/pytest/scan_h2/tmpu8umxyau
max_memory 4000 MB (current use 207 MB)
number electrons alpha = 1  beta = 1
Set gradient conv threshold to 3.16228e-05
init E= -0.802721635191723
  alpha nocc = 1  HOMO = -0.523947320965197  LUMO = 0.125076878515371
  beta  nocc = 1  HOMO = -0.526116956459053  LUMO = 0.125241527721245
cycle= 1 E= -1.12937688501243  delta_E= -0.327  |g|= 0.0313  |ddm|= 0.328
  alpha nocc = 1  HOMO = -0.583598987992104  LUMO = 0.154782141550685
  beta  nocc = 1  HOMO = -0.58431841934418  LUMO = 0.154908369989797
cycle= 2 E= -1.13026284766178  delta_E= -0.000886  |g|= 0.00496  |ddm|= 0.0217
  alpha nocc = 1  HOMO = -0.577115502794545  LUMO = 0.158187140413307
  beta  nocc = 1  HOMO = -0.577423917030955  LUMO = 0.158242665188119
cycle= 3 E= -1.13029213210192  delta_E= -2.93e-05  |g|= 0.000539  |ddm|= 0.00561
  alpha nocc = 1  HOMO = -0.576830482245177  LUMO = 0.15842963193825
  beta  nocc = 1  HOMO = -0.576960955461141  LUMO = 0.158452644169954
cycle= 4 E= -1.13029243101407  delta_E= -2.99e-07  |g|= 8.11e-05  |ddm|= 0.000748
  alpha nocc = 1  HOMO = -0.576882690677585  LUMO = 0.15845136809519
  beta  nocc = 1  HOMO = -0.57689053155829  LUMO = 0.158452899314258
cycle= 5 E= -1.13029244223081  delta_E= -1.12e-08  |g|= 1.2e-05  |ddm|= 0.000135
  alpha nocc = 1  HOMO = -0.576889118428937  LUMO = 0.158447134562488
  beta  nocc = 1  HOMO = -0.57688934484037  LUMO = 0.158447149662556
cycle= 6 E= -1.13029244239587  delta_E= -1.65e-10  |g|= 6.79e-07  |ddm|= 2.1e-05
  alpha nocc = 1  HOMO = -0.576890168007304  LUMO = 0.158447351884574
  beta  nocc = 1  HOMO = -0.576890199331953  LUMO = 0.158447359431113
Extra cycle  E= -1.13029244239624  delta_E= -3.66e-13  |g|= 1.06e-07  |ddm|= 3.76e-07
converged SCF energy = -1.13029244239624  <S^2> = 2.8865799e-15  2S+1 = 1
E(FCI) =     -1.17040626
