

#INFO: **** input file is /share/home/srwang/ExSCF/test/pytest/scan_h2/scan_fci.py ****
#import phf
from pyscf import lib, fci
#import scipy
import numpy as np
import sys, os, contextlib

from pyphf import util, sudft

#xyz = 'h2.xyz' #sys.argv[1]
fch = 'test_uhf.fchk' #sys.argv[2]
#bas = '../h2.bas'
bas = 'cc-pvtz'

lib.num_threads(16)

for r in np.arange(0.5, 2.55, 0.1):
    output = 'fci/fci_%.1f.out' % r
    os.system("echo '\n' > %s" % output)
    with open(output, 'a', encoding='utf-8') as f:
        with contextlib.redirect_stdout(f):
            xyz = '''H 0.0 0.0 0.0; H 0.0 0.0 %f'''%r
            mf = util.guess_from_fchk(xyz, bas, fch)
            #mf = util.guess(xyz, bas)
            mf.max_cycle = 50
            mf.kernel()
            ci = fci.FCI(mf)
            print('E(FCI) = %15.8f' % ci.kernel()[0])#INFO: ******************** input file end ********************


System: uname_result(system='Linux', node='xc02n18', release='3.10.0-693.el7.x86_64', version='#1 SMP Thu Jul 6 19:56:57 EDT 2017', machine='x86_64', processor='x86_64')  Threads 16
Python 3.7.4 (default, Aug 13 2019, 20:35:49) 
[GCC 7.3.0]
numpy 1.17.2  scipy 1.4.1
Date: Tue Nov 24 04:45:01 2020
PySCF version 1.7.5
PySCF path  /share/home/srwang/pyscf-1.7.5/pyscf

[CONFIG] conf_file None
[INPUT] verbose = 4
[INPUT] num. atoms = 2
[INPUT] num. electrons = 2
[INPUT] charge = 0
[INPUT] spin (= nelec alpha-beta = 2S) = 0
[INPUT] symmetry False subgroup None
[INPUT] Mole.unit = angstrom
[INPUT]  1 H      0.000000000000   0.000000000000   0.000000000000 AA    0.000000000000   0.000000000000   0.000000000000 Bohr
[INPUT]  2 H      0.000000000000   0.000000000000   1.500000000000 AA    0.000000000000   0.000000000000   2.834589186848 Bohr

nuclear repulsion = 0.35278480728
number of shells = 12
number of NR pGTOs = 32
number of NR cGTOs = 28
basis = cc-pvtz
ecp = {}
CPU time:        51.11


******** <class 'pyscf.scf.uhf.UHF'> ********
method = UHF
initial guess = minao
damping factor = 0
level_shift factor = 0
DIIS = <class 'pyscf.scf.diis.CDIIS'>
diis_start_cycle = 1
diis_space = 8
SCF conv_tol = 1e-09
SCF conv_tol_grad = None
SCF max_cycles = 1
direct_scf = True
direct_scf_tol = 1e-13
chkfile to save SCF result = /share/home/srwang/ExSCF/test/pytest/scan_h2/tmpc_h48pim
max_memory 4000 MB (current use 207 MB)
number electrons alpha = 1  beta = 1
Set gradient conv threshold to 3.16228e-05
init E= -0.678905848408087
  alpha nocc = 1  HOMO = -0.320225259149881  LUMO = -0.0296005649735034
  beta  nocc = 1  HOMO = -0.318344508550325  LUMO = -0.0289420115975266
cycle= 1 E= -1.00312122288711  delta_E= -0.324  |g|= 0.035  |ddm|= 0.366
SCF not converged.
SCF energy = -1.00312122288711 after 1 cycles  <S^2> = 4.0827205e-07  2S+1 = 1.0000008


******** <class 'pyscf.scf.uhf.UHF'> ********
method = UHF
initial guess = minao
damping factor = 0
level_shift factor = 0
DIIS = <class 'pyscf.scf.diis.CDIIS'>
diis_start_cycle = 1
diis_space = 8
SCF conv_tol = 1e-09
SCF conv_tol_grad = None
SCF max_cycles = 1
direct_scf = True
direct_scf_tol = 1e-13
chkfile to save SCF result = /share/home/srwang/ExSCF/test/pytest/scan_h2/tmpc_h48pim
max_memory 4000 MB (current use 207 MB)
number electrons alpha = 1  beta = 1
Set gradient conv threshold to 3.16228e-05
init E= -1.00417048025524
  alpha nocc = 1  HOMO = -0.489567507741935  LUMO = 0.0588243949859683
  beta  nocc = 1  HOMO = -0.489567507741936  LUMO = 0.058824394985969
cycle= 1 E= -1.02202018228964  delta_E= -0.0178  |g|= 0.0113  |ddm|= 0.0194
SCF not converged.
SCF energy = -1.02202018228964 after 1 cycles  <S^2> = 0.48772141  2S+1 = 1.7178142


******** <class 'pyscf.scf.uhf.UHF'> ********
method = UHF
initial guess = minao
damping factor = 0
level_shift factor = 0
DIIS = <class 'pyscf.scf.diis.CDIIS'>
diis_start_cycle = 1
diis_space = 8
SCF conv_tol = 1e-09
SCF conv_tol_grad = None
SCF max_cycles = 50
direct_scf = True
direct_scf_tol = 1e-13
chkfile to save SCF result = /share/home/srwang/ExSCF/test/pytest/scan_h2/tmpc_h48pim
max_memory 4000 MB (current use 207 MB)
number electrons alpha = 1  beta = 1
Set gradient conv threshold to 3.16228e-05
init E= -0.678905848408087
  alpha nocc = 1  HOMO = -0.320225259149879  LUMO = -0.0296005649735026
  beta  nocc = 1  HOMO = -0.318344508550325  LUMO = -0.0289420115975275
cycle= 1 E= -1.00312122288711  delta_E= -0.324  |g|= 0.035  |ddm|= 0.366
  alpha nocc = 1  HOMO = -0.444084985981768  LUMO = 0.0274924791310794
  beta  nocc = 1  HOMO = -0.444209745421669  LUMO = 0.0274672930326933
cycle= 2 E= -1.00426230232795  delta_E= -0.00114  |g|= 0.00648  |ddm|= 0.0235
  alpha nocc = 1  HOMO = -0.44044477406162  LUMO = 0.0320655106441001
  beta  nocc = 1  HOMO = -0.44049357247966  LUMO = 0.0320601752319148
cycle= 3 E= -1.00430417079741  delta_E= -4.19e-05  |g|= 0.000169  |ddm|= 0.00538
  alpha nocc = 1  HOMO = -0.440376663736048  LUMO = 0.0321195067318196
  beta  nocc = 1  HOMO = -0.440398550735979  LUMO = 0.0321181376564486
cycle= 4 E= -1.00430418945956  delta_E= -1.87e-08  |g|= 1.63e-05  |ddm|= 0.000128
  alpha nocc = 1  HOMO = -0.440397294930318  LUMO = 0.0321120377474039
  beta  nocc = 1  HOMO = -0.44040415417957  LUMO = 0.0321120166167322
cycle= 5 E= -1.00430418997535  delta_E= -5.16e-10  |g|= 4.92e-06  |ddm|= 3.48e-05
  alpha nocc = 1  HOMO = -0.440396228369978  LUMO = 0.0321127726389287
  beta  nocc = 1  HOMO = -0.440399798788805  LUMO = 0.0321128002974198
Extra cycle  E= -1.00430419001442  delta_E= -3.91e-11  |g|= 2.53e-06  |ddm|= 6.93e-06
converged SCF energy = -1.00430419001442  <S^2> = 6.9395156e-11  2S+1 = 1
E(FCI) =     -1.06616837
