

#INFO: **** input file is /share/home/srwang/ExSCF/test/pytest/scan_h2/scan_fci.py ****
#import phf
from pyscf import lib, fci
#import scipy
import numpy as np
import sys, os, contextlib

from pyphf import util, sudft

#xyz = 'h2.xyz' #sys.argv[1]
fch = 'test_uhf.fchk' #sys.argv[2]
#bas = '../h2.bas'
bas = 'cc-pvtz'

lib.num_threads(16)

for r in np.arange(0.5, 2.55, 0.1):
    output = 'fci/fci_%.1f.out' % r
    os.system("echo '\n' > %s" % output)
    with open(output, 'a', encoding='utf-8') as f:
        with contextlib.redirect_stdout(f):
            xyz = '''H 0.0 0.0 0.0; H 0.0 0.0 %f'''%r
            mf = util.guess_from_fchk(xyz, bas, fch)
            #mf = util.guess(xyz, bas)
            mf.max_cycle = 50
            mf.kernel()
            ci = fci.FCI(mf)
            print('E(FCI) = %15.8f' % ci.kernel()[0])#INFO: ******************** input file end ********************


System: uname_result(system='Linux', node='xc02n18', release='3.10.0-693.el7.x86_64', version='#1 SMP Thu Jul 6 19:56:57 EDT 2017', machine='x86_64', processor='x86_64')  Threads 16
Python 3.7.4 (default, Aug 13 2019, 20:35:49) 
[GCC 7.3.0]
numpy 1.17.2  scipy 1.4.1
Date: Tue Nov 24 04:45:00 2020
PySCF version 1.7.5
PySCF path  /share/home/srwang/pyscf-1.7.5/pyscf

[CONFIG] conf_file None
[INPUT] verbose = 4
[INPUT] num. atoms = 2
[INPUT] num. electrons = 2
[INPUT] charge = 0
[INPUT] spin (= nelec alpha-beta = 2S) = 0
[INPUT] symmetry False subgroup None
[INPUT] Mole.unit = angstrom
[INPUT]  1 H      0.000000000000   0.000000000000   0.000000000000 AA    0.000000000000   0.000000000000   0.000000000000 Bohr
[INPUT]  2 H      0.000000000000   0.000000000000   1.100000000000 AA    0.000000000000   0.000000000000   2.078698737022 Bohr

nuclear repulsion = 0.481070191745455
number of shells = 12
number of NR pGTOs = 32
number of NR cGTOs = 28
basis = cc-pvtz
ecp = {}
CPU time:        32.85


******** <class 'pyscf.scf.uhf.UHF'> ********
method = UHF
initial guess = minao
damping factor = 0
level_shift factor = 0
DIIS = <class 'pyscf.scf.diis.CDIIS'>
diis_start_cycle = 1
diis_space = 8
SCF conv_tol = 1e-09
SCF conv_tol_grad = None
SCF max_cycles = 1
direct_scf = True
direct_scf_tol = 1e-13
chkfile to save SCF result = /share/home/srwang/ExSCF/test/pytest/scan_h2/tmpkw4i7eg8
max_memory 4000 MB (current use 207 MB)
number electrons alpha = 1  beta = 1
Set gradient conv threshold to 3.16228e-05
init E= -0.733116125865868
  alpha nocc = 1  HOMO = -0.416378738166793  LUMO = 0.0548711180168526
  beta  nocc = 1  HOMO = -0.412482586484122  LUMO = 0.0556641174082442
cycle= 1 E= -1.08200636953615  delta_E= -0.349  |g|= 0.0323  |ddm|= 0.332
SCF not converged.
SCF energy = -1.08200636953615 after 1 cycles  <S^2> = 3.4909779e-07  2S+1 = 1.0000007


******** <class 'pyscf.scf.uhf.UHF'> ********
method = UHF
initial guess = minao
damping factor = 0
level_shift factor = 0
DIIS = <class 'pyscf.scf.diis.CDIIS'>
diis_start_cycle = 1
diis_space = 8
SCF conv_tol = 1e-09
SCF conv_tol_grad = None
SCF max_cycles = 1
direct_scf = True
direct_scf_tol = 1e-13
chkfile to save SCF result = /share/home/srwang/ExSCF/test/pytest/scan_h2/tmpkw4i7eg8
max_memory 4000 MB (current use 207 MB)
number electrons alpha = 1  beta = 1
Set gradient conv threshold to 3.16228e-05
init E= -1.1276814597399
  alpha nocc = 1  HOMO = -0.503626357965921  LUMO = 0.15146929204762
  beta  nocc = 1  HOMO = -0.503626357965921  LUMO = 0.151469292047619
cycle= 1 E= -1.07234792790024  delta_E= 0.0553  |g|= 0.0406  |ddm|= 0.0651
SCF not converged.
SCF energy = -1.07234792790024 after 1 cycles  <S^2> = 0.2596875  2S+1 = 1.427848


******** <class 'pyscf.scf.uhf.UHF'> ********
method = UHF
initial guess = minao
damping factor = 0
level_shift factor = 0
DIIS = <class 'pyscf.scf.diis.CDIIS'>
diis_start_cycle = 1
diis_space = 8
SCF conv_tol = 1e-09
SCF conv_tol_grad = None
SCF max_cycles = 50
direct_scf = True
direct_scf_tol = 1e-13
chkfile to save SCF result = /share/home/srwang/ExSCF/test/pytest/scan_h2/tmpkw4i7eg8
max_memory 4000 MB (current use 207 MB)
number electrons alpha = 1  beta = 1
Set gradient conv threshold to 3.16228e-05
init E= -0.733116125865868
  alpha nocc = 1  HOMO = -0.416378738166793  LUMO = 0.0548711180168521
  beta  nocc = 1  HOMO = -0.412482586484122  LUMO = 0.0556641174082445
cycle= 1 E= -1.08200636953615  delta_E= -0.349  |g|= 0.0323  |ddm|= 0.332
  alpha nocc = 1  HOMO = -0.510597289381693  LUMO = 0.101646062068444
  beta  nocc = 1  HOMO = -0.510475447497698  LUMO = 0.101582945250763
cycle= 2 E= -1.08290441917763  delta_E= -0.000898  |g|= 0.00545  |ddm|= 0.0217
  alpha nocc = 1  HOMO = -0.50541400454902  LUMO = 0.105777587302796
  beta  nocc = 1  HOMO = -0.50536035065118  LUMO = 0.105757977947502
cycle= 3 E= -1.08293439086278  delta_E= -3e-05  |g|= 0.000326  |ddm|= 0.0052
  alpha nocc = 1  HOMO = -0.505192432914547  LUMO = 0.105936167249446
  beta  nocc = 1  HOMO = -0.505167949799029  LUMO = 0.105929837980353
cycle= 4 E= -1.08293447320026  delta_E= -8.23e-08  |g|= 1.94e-05  |ddm|= 0.000361
  alpha nocc = 1  HOMO = -0.505181383836006  LUMO = 0.105940006317886
  beta  nocc = 1  HOMO = -0.505175854601583  LUMO = 0.105939300201874
cycle= 5 E= -1.08293447380104  delta_E= -6.01e-10  |g|= 4.38e-06  |ddm|= 3.24e-05
  alpha nocc = 1  HOMO = -0.505178993694433  LUMO = 0.10593867692236
  beta  nocc = 1  HOMO = -0.505176028862611  LUMO = 0.105938265119858
Extra cycle  E= -1.0829344738259  delta_E= -2.49e-11  |g|= 1.97e-06  |ddm|= 5.17e-06
converged SCF energy = -1.0829344738259  <S^2> = 3.4269032e-11  2S+1 = 1
E(FCI) =     -1.12911991
