

#INFO: **** input file is /share/home/srwang/ExSCF/test/pytest/scan_h2/scan_fci.py ****
#import phf
from pyscf import lib, fci
#import scipy
import numpy as np
import sys, os, contextlib

from pyphf import util, sudft

#xyz = 'h2.xyz' #sys.argv[1]
fch = 'test_uhf.fchk' #sys.argv[2]
#bas = '../h2.bas'
bas = 'cc-pvtz'

lib.num_threads(16)

for r in np.arange(0.5, 2.55, 0.1):
    output = 'fci/fci_%.1f.out' % r
    os.system("echo '\n' > %s" % output)
    with open(output, 'a', encoding='utf-8') as f:
        with contextlib.redirect_stdout(f):
            xyz = '''H 0.0 0.0 0.0; H 0.0 0.0 %f'''%r
            mf = util.guess_from_fchk(xyz, bas, fch)
            #mf = util.guess(xyz, bas)
            mf.max_cycle = 50
            mf.kernel()
            ci = fci.FCI(mf)
            print('E(FCI) = %15.8f' % ci.kernel()[0])#INFO: ******************** input file end ********************


System: uname_result(system='Linux', node='xc02n18', release='3.10.0-693.el7.x86_64', version='#1 SMP Thu Jul 6 19:56:57 EDT 2017', machine='x86_64', processor='x86_64')  Threads 16
Python 3.7.4 (default, Aug 13 2019, 20:35:49) 
[GCC 7.3.0]
numpy 1.17.2  scipy 1.4.1
Date: Tue Nov 24 04:45:02 2020
PySCF version 1.7.5
PySCF path  /share/home/srwang/pyscf-1.7.5/pyscf

[CONFIG] conf_file None
[INPUT] verbose = 4
[INPUT] num. atoms = 2
[INPUT] num. electrons = 2
[INPUT] charge = 0
[INPUT] spin (= nelec alpha-beta = 2S) = 0
[INPUT] symmetry False subgroup None
[INPUT] Mole.unit = angstrom
[INPUT]  1 H      0.000000000000   0.000000000000   0.000000000000 AA    0.000000000000   0.000000000000   0.000000000000 Bohr
[INPUT]  2 H      0.000000000000   0.000000000000   2.100000000000 AA    0.000000000000   0.000000000000   3.968424861587 Bohr

nuclear repulsion = 0.251989148057143
number of shells = 12
number of NR pGTOs = 32
number of NR cGTOs = 28
basis = cc-pvtz
ecp = {}
CPU time:        78.76


******** <class 'pyscf.scf.uhf.UHF'> ********
method = UHF
initial guess = minao
damping factor = 0
level_shift factor = 0
DIIS = <class 'pyscf.scf.diis.CDIIS'>
diis_start_cycle = 1
diis_space = 8
SCF conv_tol = 1e-09
SCF conv_tol_grad = None
SCF max_cycles = 1
direct_scf = True
direct_scf_tol = 1e-13
chkfile to save SCF result = /share/home/srwang/ExSCF/test/pytest/scan_h2/tmpu0vekr3u
max_memory 4000 MB (current use 207 MB)
number electrons alpha = 1  beta = 1
Set gradient conv threshold to 3.16228e-05
init E= -0.651208003439758
  alpha nocc = 1  HOMO = -0.246626604329291  LUMO = -0.111912100495559
  beta  nocc = 1  HOMO = -0.245203159036255  LUMO = -0.111599687178143
cycle= 1 E= -0.911063185643869  delta_E= -0.26  |g|= 0.0337  |ddm|= 0.436
SCF not converged.
SCF energy = -0.911063185643869 after 1 cycles  <S^2> = 2.2033932e-07  2S+1 = 1.0000004


******** <class 'pyscf.scf.uhf.UHF'> ********
method = UHF
initial guess = minao
damping factor = 0
level_shift factor = 0
DIIS = <class 'pyscf.scf.diis.CDIIS'>
diis_start_cycle = 1
diis_space = 8
SCF conv_tol = 1e-09
SCF conv_tol_grad = None
SCF max_cycles = 1
direct_scf = True
direct_scf_tol = 1e-13
chkfile to save SCF result = /share/home/srwang/ExSCF/test/pytest/scan_h2/tmpu0vekr3u
max_memory 4000 MB (current use 207 MB)
number electrons alpha = 1  beta = 1
Set gradient conv threshold to 3.16228e-05
init E= -0.88463010917409
  alpha nocc = 1  HOMO = -0.49091987386173  LUMO = -0.0271115591955543
  beta  nocc = 1  HOMO = -0.490919873861729  LUMO = -0.027111559195555
cycle= 1 E= -0.994628987552322  delta_E= -0.11  |g|= 0.0495  |ddm|= 0.109
SCF not converged.
SCF energy = -0.994628987552322 after 1 cycles  <S^2> = 0.7709912  2S+1 = 2.0208822


******** <class 'pyscf.scf.uhf.UHF'> ********
method = UHF
initial guess = minao
damping factor = 0
level_shift factor = 0
DIIS = <class 'pyscf.scf.diis.CDIIS'>
diis_start_cycle = 1
diis_space = 8
SCF conv_tol = 1e-09
SCF conv_tol_grad = None
SCF max_cycles = 50
direct_scf = True
direct_scf_tol = 1e-13
chkfile to save SCF result = /share/home/srwang/ExSCF/test/pytest/scan_h2/tmpu0vekr3u
max_memory 4000 MB (current use 207 MB)
number electrons alpha = 1  beta = 1
Set gradient conv threshold to 3.16228e-05
init E= -0.651208003439758
  alpha nocc = 1  HOMO = -0.24662660432929  LUMO = -0.111912100495558
  beta  nocc = 1  HOMO = -0.245203159036256  LUMO = -0.111599687178142
cycle= 1 E= -0.911063185643869  delta_E= -0.26  |g|= 0.0337  |ddm|= 0.436
  alpha nocc = 1  HOMO = -0.381081733640664  LUMO = -0.0551015201379663
  beta  nocc = 1  HOMO = -0.381146282673544  LUMO = -0.05515773603554
cycle= 2 E= -0.912291188374644  delta_E= -0.00123  |g|= 0.00658  |ddm|= 0.026
  alpha nocc = 1  HOMO = -0.380038683166838  LUMO = -0.0523908052575597
  beta  nocc = 1  HOMO = -0.38006219241298  LUMO = -0.052410960132059
cycle= 3 E= -0.91234204832053  delta_E= -5.09e-05  |g|= 0.000175  |ddm|= 0.00655
  alpha nocc = 1  HOMO = -0.380026661294895  LUMO = -0.0524193540197043
  beta  nocc = 1  HOMO = -0.380036555562687  LUMO = -0.0524277401594223
cycle= 4 E= -0.91234207778561  delta_E= -2.95e-08  |g|= 1.88e-05  |ddm|= 0.000352
  alpha nocc = 1  HOMO = -0.380051063100479  LUMO = -0.0524404434445718
  beta  nocc = 1  HOMO = -0.380054364956625  LUMO = -0.0524431718799908
cycle= 5 E= -0.912342078367399  delta_E= -5.82e-10  |g|= 3.08e-06  |ddm|= 5.3e-05
  alpha nocc = 1  HOMO = -0.380049968015104  LUMO = -0.0524404270618141
  beta  nocc = 1  HOMO = -0.380051566441201  LUMO = -0.0524417362346174
Extra cycle  E= -0.912342078383277  delta_E= -1.59e-11  |g|= 1.48e-06  |ddm|= 5.67e-06
converged SCF energy = -0.912342078383277  <S^2> = 2.287015e-11  2S+1 = 1
E(FCI) =     -1.01556126
