

#INFO: **** input file is /share/home/srwang/ExSCF/test/pytest/scan_h2/scan_fci.py ****
#import phf
from pyscf import lib, fci
#import scipy
import numpy as np
import sys, os, contextlib

from pyphf import util, sudft

#xyz = 'h2.xyz' #sys.argv[1]
fch = 'test_uhf.fchk' #sys.argv[2]
#bas = '../h2.bas'
bas = 'cc-pvtz'

lib.num_threads(16)

for r in np.arange(0.5, 2.55, 0.1):
    output = 'fci/fci_%.1f.out' % r
    os.system("echo '\n' > %s" % output)
    with open(output, 'a', encoding='utf-8') as f:
        with contextlib.redirect_stdout(f):
            xyz = '''H 0.0 0.0 0.0; H 0.0 0.0 %f'''%r
            mf = util.guess_from_fchk(xyz, bas, fch)
            #mf = util.guess(xyz, bas)
            mf.max_cycle = 50
            mf.kernel()
            ci = fci.FCI(mf)
            print('E(FCI) = %15.8f' % ci.kernel()[0])#INFO: ******************** input file end ********************


System: uname_result(system='Linux', node='xc02n18', release='3.10.0-693.el7.x86_64', version='#1 SMP Thu Jul 6 19:56:57 EDT 2017', machine='x86_64', processor='x86_64')  Threads 16
Python 3.7.4 (default, Aug 13 2019, 20:35:49) 
[GCC 7.3.0]
numpy 1.17.2  scipy 1.4.1
Date: Tue Nov 24 04:45:03 2020
PySCF version 1.7.5
PySCF path  /share/home/srwang/pyscf-1.7.5/pyscf

[CONFIG] conf_file None
[INPUT] verbose = 4
[INPUT] num. atoms = 2
[INPUT] num. electrons = 2
[INPUT] charge = 0
[INPUT] spin (= nelec alpha-beta = 2S) = 0
[INPUT] symmetry False subgroup None
[INPUT] Mole.unit = angstrom
[INPUT]  1 H      0.000000000000   0.000000000000   0.000000000000 AA    0.000000000000   0.000000000000   0.000000000000 Bohr
[INPUT]  2 H      0.000000000000   0.000000000000   2.300000000000 AA    0.000000000000   0.000000000000   4.346370086500 Bohr

nuclear repulsion = 0.230077048226087
number of shells = 12
number of NR pGTOs = 32
number of NR cGTOs = 28
basis = cc-pvtz
ecp = {}
CPU time:        87.95


******** <class 'pyscf.scf.uhf.UHF'> ********
method = UHF
initial guess = minao
damping factor = 0
level_shift factor = 0
DIIS = <class 'pyscf.scf.diis.CDIIS'>
diis_start_cycle = 1
diis_space = 8
SCF conv_tol = 1e-09
SCF conv_tol_grad = None
SCF max_cycles = 1
direct_scf = True
direct_scf_tol = 1e-13
chkfile to save SCF result = /share/home/srwang/ExSCF/test/pytest/scan_h2/tmp0695tm54
max_memory 4000 MB (current use 207 MB)
number electrons alpha = 1  beta = 1
Set gradient conv threshold to 3.16228e-05
init E= -0.6483090022046
  alpha nocc = 1  HOMO = -0.232375855419327  LUMO = -0.128481373464624
  beta  nocc = 1  HOMO = -0.231076403221376  LUMO = -0.128316113913721
cycle= 1 E= -0.888187033621047  delta_E= -0.24  |g|= 0.032  |ddm|= 0.458
SCF not converged.
SCF energy = -0.888187033621047 after 1 cycles  <S^2> = 2.0537576e-07  2S+1 = 1.0000004


******** <class 'pyscf.scf.uhf.UHF'> ********
method = UHF
initial guess = minao
damping factor = 0
level_shift factor = 0
DIIS = <class 'pyscf.scf.diis.CDIIS'>
diis_start_cycle = 1
diis_space = 8
SCF conv_tol = 1e-09
SCF conv_tol_grad = None
SCF max_cycles = 1
direct_scf = True
direct_scf_tol = 1e-13
chkfile to save SCF result = /share/home/srwang/ExSCF/test/pytest/scan_h2/tmp0695tm54
max_memory 4000 MB (current use 207 MB)
number electrons alpha = 1  beta = 1
Set gradient conv threshold to 3.16228e-05
init E= -0.859643029078367
  alpha nocc = 1  HOMO = -0.492045276371877  LUMO = -0.0426777033675123
  beta  nocc = 1  HOMO = -0.492045276371879  LUMO = -0.0426777033675115
cycle= 1 E= -0.99273361326367  delta_E= -0.133  |g|= 0.0533  |ddm|= 0.129
SCF not converged.
SCF energy = -0.99273361326367 after 1 cycles  <S^2> = 0.83099263  2S+1 = 2.0794159


******** <class 'pyscf.scf.uhf.UHF'> ********
method = UHF
initial guess = minao
damping factor = 0
level_shift factor = 0
DIIS = <class 'pyscf.scf.diis.CDIIS'>
diis_start_cycle = 1
diis_space = 8
SCF conv_tol = 1e-09
SCF conv_tol_grad = None
SCF max_cycles = 50
direct_scf = True
direct_scf_tol = 1e-13
chkfile to save SCF result = /share/home/srwang/ExSCF/test/pytest/scan_h2/tmp0695tm54
max_memory 4000 MB (current use 207 MB)
number electrons alpha = 1  beta = 1
Set gradient conv threshold to 3.16228e-05
init E= -0.6483090022046
  alpha nocc = 1  HOMO = -0.232375855419326  LUMO = -0.128481373464624
  beta  nocc = 1  HOMO = -0.231076403221377  LUMO = -0.128316113913722
cycle= 1 E= -0.888187033621047  delta_E= -0.24  |g|= 0.032  |ddm|= 0.458
  alpha nocc = 1  HOMO = -0.365965577247073  LUMO = -0.0743839143446125
  beta  nocc = 1  HOMO = -0.366019600933981  LUMO = -0.0744510107896686
cycle= 2 E= -0.889333931609213  delta_E= -0.00115  |g|= 0.00619  |ddm|= 0.0274
  alpha nocc = 1  HOMO = -0.365808174959334  LUMO = -0.0726924909693273
  beta  nocc = 1  HOMO = -0.365829063114613  LUMO = -0.0727179333282188
cycle= 3 E= -0.889381429623071  delta_E= -4.75e-05  |g|= 0.000197  |ddm|= 0.00731
  alpha nocc = 1  HOMO = -0.365817299264617  LUMO = -0.0727426170765324
  beta  nocc = 1  HOMO = -0.365826133665443  LUMO = -0.0727535851443235
cycle= 4 E= -0.889381468580966  delta_E= -3.9e-08  |g|= 2.12e-05  |ddm|= 0.000431
  alpha nocc = 1  HOMO = -0.365841941763034  LUMO = -0.0727661267183243
  beta  nocc = 1  HOMO = -0.365844958457687  LUMO = -0.0727698547141302
cycle= 5 E= -0.889381469314215  delta_E= -7.33e-10  |g|= 3.34e-06  |ddm|= 6.19e-05
  alpha nocc = 1  HOMO = -0.365840875559712  LUMO = -0.0727662589798804
  beta  nocc = 1  HOMO = -0.365842349319949  LUMO = -0.0727680892215933
Extra cycle  E= -0.889381469333074  delta_E= -1.89e-11  |g|= 1.64e-06  |ddm|= 6.05e-06
converged SCF energy = -0.889381469333074  <S^2> = 2.8641534e-11  2S+1 = 1
E(FCI) =     -1.00871536
