

#INFO: **** input file is /share/home/srwang/ExSCF/test/pytest/scan_h2/scan_fci.py ****
#import phf
from pyscf import lib, fci
#import scipy
import numpy as np
import sys, os, contextlib

from pyphf import util, sudft

#xyz = 'h2.xyz' #sys.argv[1]
fch = 'test_uhf.fchk' #sys.argv[2]
#bas = '../h2.bas'
bas = 'cc-pvtz'

lib.num_threads(16)

for r in np.arange(0.5, 2.55, 0.1):
    output = 'fci/fci_%.1f.out' % r
    os.system("echo '\n' > %s" % output)
    with open(output, 'a', encoding='utf-8') as f:
        with contextlib.redirect_stdout(f):
            xyz = '''H 0.0 0.0 0.0; H 0.0 0.0 %f'''%r
            mf = util.guess_from_fchk(xyz, bas, fch)
            #mf = util.guess(xyz, bas)
            mf.max_cycle = 50
            mf.kernel()
            ci = fci.FCI(mf)
            print('E(FCI) = %15.8f' % ci.kernel()[0])#INFO: ******************** input file end ********************


System: uname_result(system='Linux', node='xc02n18', release='3.10.0-693.el7.x86_64', version='#1 SMP Thu Jul 6 19:56:57 EDT 2017', machine='x86_64', processor='x86_64')  Threads 16
Python 3.7.4 (default, Aug 13 2019, 20:35:49) 
[GCC 7.3.0]
numpy 1.17.2  scipy 1.4.1
Date: Tue Nov 24 04:45:01 2020
PySCF version 1.7.5
PySCF path  /share/home/srwang/pyscf-1.7.5/pyscf

[CONFIG] conf_file None
[INPUT] verbose = 4
[INPUT] num. atoms = 2
[INPUT] num. electrons = 2
[INPUT] charge = 0
[INPUT] spin (= nelec alpha-beta = 2S) = 0
[INPUT] symmetry False subgroup None
[INPUT] Mole.unit = angstrom
[INPUT]  1 H      0.000000000000   0.000000000000   0.000000000000 AA    0.000000000000   0.000000000000   0.000000000000 Bohr
[INPUT]  2 H      0.000000000000   0.000000000000   1.700000000000 AA    0.000000000000   0.000000000000   3.212534411761 Bohr

nuclear repulsion = 0.311280712305882
number of shells = 12
number of NR pGTOs = 32
number of NR cGTOs = 28
basis = cc-pvtz
ecp = {}
CPU time:        60.46


******** <class 'pyscf.scf.uhf.UHF'> ********
method = UHF
initial guess = minao
damping factor = 0
level_shift factor = 0
DIIS = <class 'pyscf.scf.diis.CDIIS'>
diis_start_cycle = 1
diis_space = 8
SCF conv_tol = 1e-09
SCF conv_tol_grad = None
SCF max_cycles = 1
direct_scf = True
direct_scf_tol = 1e-13
chkfile to save SCF result = /share/home/srwang/ExSCF/test/pytest/scan_h2/tmpz7pkh4s2
max_memory 4000 MB (current use 207 MB)
number electrons alpha = 1  beta = 1
Set gradient conv threshold to 3.16228e-05
init E= -0.664856667642613
  alpha nocc = 1  HOMO = -0.28892884001191  LUMO = -0.0633091069070815
  beta  nocc = 1  HOMO = -0.287288464157981  LUMO = -0.0627487552615634
cycle= 1 E= -0.968277426508764  delta_E= -0.303  |g|= 0.0353  |ddm|= 0.389
SCF not converged.
SCF energy = -0.968277426508764 after 1 cycles  <S^2> = 3.967331e-07  2S+1 = 1.0000008


******** <class 'pyscf.scf.uhf.UHF'> ********
method = UHF
initial guess = minao
damping factor = 0
level_shift factor = 0
DIIS = <class 'pyscf.scf.diis.CDIIS'>
diis_start_cycle = 1
diis_space = 8
SCF conv_tol = 1e-09
SCF conv_tol_grad = None
SCF max_cycles = 1
direct_scf = True
direct_scf_tol = 1e-13
chkfile to save SCF result = /share/home/srwang/ExSCF/test/pytest/scan_h2/tmpz7pkh4s2
max_memory 4000 MB (current use 207 MB)
number electrons alpha = 1  beta = 1
Set gradient conv threshold to 3.16228e-05
init E= -0.955713470252798
  alpha nocc = 1  HOMO = -0.488915970412142  LUMO = 0.0226264584515148
  beta  nocc = 1  HOMO = -0.488915970412142  LUMO = 0.0226264584515145
cycle= 1 E= -1.00757219452955  delta_E= -0.0519  |g|= 0.0295  |ddm|= 0.0545
SCF not converged.
SCF energy = -1.00757219452955 after 1 cycles  <S^2> = 0.59762935  2S+1 = 1.8413358


******** <class 'pyscf.scf.uhf.UHF'> ********
method = UHF
initial guess = minao
damping factor = 0
level_shift factor = 0
DIIS = <class 'pyscf.scf.diis.CDIIS'>
diis_start_cycle = 1
diis_space = 8
SCF conv_tol = 1e-09
SCF conv_tol_grad = None
SCF max_cycles = 50
direct_scf = True
direct_scf_tol = 1e-13
chkfile to save SCF result = /share/home/srwang/ExSCF/test/pytest/scan_h2/tmpz7pkh4s2
max_memory 4000 MB (current use 207 MB)
number electrons alpha = 1  beta = 1
Set gradient conv threshold to 3.16228e-05
init E= -0.664856667642613
  alpha nocc = 1  HOMO = -0.288928840011913  LUMO = -0.0633091069070824
  beta  nocc = 1  HOMO = -0.28728846415798  LUMO = -0.0627487552615635
cycle= 1 E= -0.968277426508764  delta_E= -0.303  |g|= 0.0353  |ddm|= 0.389
  alpha nocc = 1  HOMO = -0.419402099267704  LUMO = -0.00451919197715692
  beta  nocc = 1  HOMO = -0.419517908605667  LUMO = -0.00454852256698086
cycle= 2 E= -0.969503502308029  delta_E= -0.00123  |g|= 0.00674  |ddm|= 0.0242
  alpha nocc = 1  HOMO = -0.416585432320333  LUMO = -0.000279270466076416
  beta  nocc = 1  HOMO = -0.416629032201879  LUMO = -0.00028771643933823
cycle= 3 E= -0.969551085242307  delta_E= -4.76e-05  |g|= 0.000147  |ddm|= 0.00562
  alpha nocc = 1  HOMO = -0.416543933251856  LUMO = -0.000262616649221094
  beta  nocc = 1  HOMO = -0.416563380101937  LUMO = -0.000265763024676434
cycle= 4 E= -0.969551102335938  delta_E= -1.71e-08  |g|= 1.76e-05  |ddm|= 0.000191
  alpha nocc = 1  HOMO = -0.416568224605082  LUMO = -0.00027615566191503
  beta  nocc = 1  HOMO = -0.416574333069109  LUMO = -0.000276871565817891
cycle= 5 E= -0.969551102911723  delta_E= -5.76e-10  |g|= 4.64e-06  |ddm|= 4.27e-05
  alpha nocc = 1  HOMO = -0.416566902571595  LUMO = -0.000275275996126878
  beta  nocc = 1  HOMO = -0.416570013550397  LUMO = -0.000275602941771812
Extra cycle  E= -0.969551102947612  delta_E= -3.59e-11  |g|= 2.33e-06  |ddm|= 7.31e-06
converged SCF energy = -0.969551102947612  <S^2> = 5.9662719e-11  2S+1 = 1
E(FCI) =     -1.04312824
