

#INFO: **** input file is /share/home/srwang/ExSCF/test/pytest/scan_h2/scan_fci.py ****
#import phf
from pyscf import lib, fci
#import scipy
import numpy as np
import sys, os, contextlib

from pyphf import util, sudft

#xyz = 'h2.xyz' #sys.argv[1]
fch = 'test_uhf.fchk' #sys.argv[2]
#bas = '../h2.bas'
bas = 'cc-pvtz'

lib.num_threads(16)

for r in np.arange(0.5, 2.55, 0.1):
    output = 'fci/fci_%.1f.out' % r
    os.system("echo '\n' > %s" % output)
    with open(output, 'a', encoding='utf-8') as f:
        with contextlib.redirect_stdout(f):
            xyz = '''H 0.0 0.0 0.0; H 0.0 0.0 %f'''%r
            mf = util.guess_from_fchk(xyz, bas, fch)
            #mf = util.guess(xyz, bas)
            mf.max_cycle = 50
            mf.kernel()
            ci = fci.FCI(mf)
            print('E(FCI) = %15.8f' % ci.kernel()[0])#INFO: ******************** input file end ********************


System: uname_result(system='Linux', node='xc02n18', release='3.10.0-693.el7.x86_64', version='#1 SMP Thu Jul 6 19:56:57 EDT 2017', machine='x86_64', processor='x86_64')  Threads 16
Python 3.7.4 (default, Aug 13 2019, 20:35:49) 
[GCC 7.3.0]
numpy 1.17.2  scipy 1.4.1
Date: Tue Nov 24 04:44:57 2020
PySCF version 1.7.5
PySCF path  /share/home/srwang/pyscf-1.7.5/pyscf

[CONFIG] conf_file None
[INPUT] verbose = 4
[INPUT] num. atoms = 2
[INPUT] num. electrons = 2
[INPUT] charge = 0
[INPUT] spin (= nelec alpha-beta = 2S) = 0
[INPUT] symmetry False subgroup None
[INPUT] Mole.unit = angstrom
[INPUT]  1 H      0.000000000000   0.000000000000   0.000000000000 AA    0.000000000000   0.000000000000   0.000000000000 Bohr
[INPUT]  2 H      0.000000000000   0.000000000000   0.500000000000 AA    0.000000000000   0.000000000000   0.944863062283 Bohr

nuclear repulsion = 1.05835442184
number of shells = 12
number of NR pGTOs = 32
number of NR cGTOs = 28
basis = cc-pvtz
ecp = {}
CPU time:         0.84


******** <class 'pyscf.scf.uhf.UHF'> ********
method = UHF
initial guess = minao
damping factor = 0
level_shift factor = 0
DIIS = <class 'pyscf.scf.diis.CDIIS'>
diis_start_cycle = 1
diis_space = 8
SCF conv_tol = 1e-09
SCF conv_tol_grad = None
SCF max_cycles = 1
direct_scf = True
direct_scf_tol = 1e-13
chkfile to save SCF result = /share/home/srwang/ExSCF/test/pytest/scan_h2/tmpdvys_okn
max_memory 4000 MB (current use 100 MB)
number electrons alpha = 1  beta = 1
Set gradient conv threshold to 3.16228e-05
init E= -0.778367426554207
  alpha nocc = 1  HOMO = -0.705289662305322  LUMO = 0.163386946040724
  beta  nocc = 1  HOMO = -0.697577488386255  LUMO = 0.164061129189945
cycle= 1 E= -1.06223413443537  delta_E= -0.284  |g|= 0.0333  |ddm|= 0.331
SCF not converged.
SCF energy = -1.06223413443537 after 1 cycles  <S^2> = 2.3214814e-06  2S+1 = 1.0000046


******** <class 'pyscf.scf.uhf.UHF'> ********
method = UHF
initial guess = minao
damping factor = 0
level_shift factor = 0
DIIS = <class 'pyscf.scf.diis.CDIIS'>
diis_start_cycle = 1
diis_space = 8
SCF conv_tol = 1e-09
SCF conv_tol_grad = None
SCF max_cycles = 1
direct_scf = True
direct_scf_tol = 1e-13
chkfile to save SCF result = /share/home/srwang/ExSCF/test/pytest/scan_h2/tmpdvys_okn
max_memory 4000 MB (current use 123 MB)
number electrons alpha = 1  beta = 1
Set gradient conv threshold to 3.16228e-05
init E= -1.18452871429633
  alpha nocc = 1  HOMO = -0.630087264703208  LUMO = 0.279420177478484
  beta  nocc = 1  HOMO = -0.630087264703209  LUMO = 0.279420177478479
cycle= 1 E= -1.04603968404656  delta_E= 0.138  |g|= 0.122  |ddm|= 0.253
SCF not converged.
SCF energy = -1.04603968404656 after 1 cycles  <S^2> = 0.039484129  2S+1 = 1.0760746


******** <class 'pyscf.scf.uhf.UHF'> ********
method = UHF
initial guess = minao
damping factor = 0
level_shift factor = 0
DIIS = <class 'pyscf.scf.diis.CDIIS'>
diis_start_cycle = 1
diis_space = 8
SCF conv_tol = 1e-09
SCF conv_tol_grad = None
SCF max_cycles = 50
direct_scf = True
direct_scf_tol = 1e-13
chkfile to save SCF result = /share/home/srwang/ExSCF/test/pytest/scan_h2/tmpdvys_okn
max_memory 4000 MB (current use 124 MB)
number electrons alpha = 1  beta = 1
Set gradient conv threshold to 3.16228e-05
init E= -0.778367426554207
  alpha nocc = 1  HOMO = -0.705289662305322  LUMO = 0.163386946040725
  beta  nocc = 1  HOMO = -0.697577488386256  LUMO = 0.16406112918995
cycle= 1 E= -1.06223413443537  delta_E= -0.284  |g|= 0.0333  |ddm|= 0.331
  alpha nocc = 1  HOMO = -0.690027596540185  LUMO = 0.189189739365756
  beta  nocc = 1  HOMO = -0.690706255332036  LUMO = 0.189240548212718
cycle= 2 E= -1.06327095990858  delta_E= -0.00104  |g|= 0.00537  |ddm|= 0.0226
  alpha nocc = 1  HOMO = -0.681657445365243  LUMO = 0.191552534951008
  beta  nocc = 1  HOMO = -0.681952584882202  LUMO = 0.191586146867354
cycle= 3 E= -1.06330627782518  delta_E= -3.53e-05  |g|= 0.000709  |ddm|= 0.0061
  alpha nocc = 1  HOMO = -0.681328162455724  LUMO = 0.19174405626564
  beta  nocc = 1  HOMO = -0.681446409709408  LUMO = 0.191758930029821
cycle= 4 E= -1.06330676371083  delta_E= -4.86e-07  |g|= 7.19e-05  |ddm|= 0.00096
  alpha nocc = 1  HOMO = -0.681385520318538  LUMO = 0.191755900930451
  beta  nocc = 1  HOMO = -0.68139314745903  LUMO = 0.191756935880811
cycle= 5 E= -1.06330677072949  delta_E= -7.02e-09  |g|= 1.27e-05  |ddm|= 8.63e-05
  alpha nocc = 1  HOMO = -0.681388729475104  LUMO = 0.191753608221397
  beta  nocc = 1  HOMO = -0.681389166491235  LUMO = 0.191753661021256
cycle= 6 E= -1.0633067708603  delta_E= -1.31e-10  |g|= 1.02e-06  |ddm|= 1.8e-05
  alpha nocc = 1  HOMO = -0.681389402217363  LUMO = 0.191753768811305
  beta  nocc = 1  HOMO = -0.681389609977786  LUMO = 0.191753796401097
Extra cycle  E= -1.0633067708609  delta_E= -6e-13  |g|= 1.91e-07  |ddm|= 7.23e-07
converged SCF energy = -1.0633067708609  <S^2> = 7.5495166e-14  2S+1 = 1
E(FCI) =     -1.10086969
