

#INFO: **** input file is /share/home/srwang/ExSCF/test/pytest/scan_h2/scan_fci.py ****
#import phf
from pyscf import lib, fci
#import scipy
import numpy as np
import sys, os, contextlib

from pyphf import util, sudft

#xyz = 'h2.xyz' #sys.argv[1]
fch = 'test_uhf.fchk' #sys.argv[2]
#bas = '../h2.bas'
bas = 'cc-pvtz'

lib.num_threads(16)

for r in np.arange(0.5, 2.55, 0.1):
    output = 'fci/fci_%.1f.out' % r
    os.system("echo '\n' > %s" % output)
    with open(output, 'a', encoding='utf-8') as f:
        with contextlib.redirect_stdout(f):
            xyz = '''H 0.0 0.0 0.0; H 0.0 0.0 %f'''%r
            mf = util.guess_from_fchk(xyz, bas, fch)
            #mf = util.guess(xyz, bas)
            mf.max_cycle = 50
            mf.kernel()
            ci = fci.FCI(mf)
            print('E(FCI) = %15.8f' % ci.kernel()[0])#INFO: ******************** input file end ********************


System: uname_result(system='Linux', node='xc02n18', release='3.10.0-693.el7.x86_64', version='#1 SMP Thu Jul 6 19:56:57 EDT 2017', machine='x86_64', processor='x86_64')  Threads 16
Python 3.7.4 (default, Aug 13 2019, 20:35:49) 
[GCC 7.3.0]
numpy 1.17.2  scipy 1.4.1
Date: Tue Nov 24 04:45:03 2020
PySCF version 1.7.5
PySCF path  /share/home/srwang/pyscf-1.7.5/pyscf

[CONFIG] conf_file None
[INPUT] verbose = 4
[INPUT] num. atoms = 2
[INPUT] num. electrons = 2
[INPUT] charge = 0
[INPUT] spin (= nelec alpha-beta = 2S) = 0
[INPUT] symmetry False subgroup None
[INPUT] Mole.unit = angstrom
[INPUT]  1 H      0.000000000000   0.000000000000   0.000000000000 AA    0.000000000000   0.000000000000   0.000000000000 Bohr
[INPUT]  2 H      0.000000000000   0.000000000000   2.200000000000 AA    0.000000000000   0.000000000000   4.157397474043 Bohr

nuclear repulsion = 0.240535095872727
number of shells = 12
number of NR pGTOs = 32
number of NR cGTOs = 28
basis = cc-pvtz
ecp = {}
CPU time:        83.41


******** <class 'pyscf.scf.uhf.UHF'> ********
method = UHF
initial guess = minao
damping factor = 0
level_shift factor = 0
DIIS = <class 'pyscf.scf.diis.CDIIS'>
diis_start_cycle = 1
diis_space = 8
SCF conv_tol = 1e-09
SCF conv_tol_grad = None
SCF max_cycles = 1
direct_scf = True
direct_scf_tol = 1e-13
chkfile to save SCF result = /share/home/srwang/ExSCF/test/pytest/scan_h2/tmpso_iw2eq
max_memory 4000 MB (current use 207 MB)
number electrons alpha = 1  beta = 1
Set gradient conv threshold to 3.16228e-05
init E= -0.649551796991941
  alpha nocc = 1  HOMO = -0.239049388508467  LUMO = -0.120735847604368
  beta  nocc = 1  HOMO = -0.237686741456871  LUMO = -0.12049573486578
cycle= 1 E= -0.899190039010813  delta_E= -0.25  |g|= 0.0329  |ddm|= 0.447
SCF not converged.
SCF energy = -0.899190039010813 after 1 cycles  <S^2> = 2.0907434e-07  2S+1 = 1.0000004


******** <class 'pyscf.scf.uhf.UHF'> ********
method = UHF
initial guess = minao
damping factor = 0
level_shift factor = 0
DIIS = <class 'pyscf.scf.diis.CDIIS'>
diis_start_cycle = 1
diis_space = 8
SCF conv_tol = 1e-09
SCF conv_tol_grad = None
SCF max_cycles = 1
direct_scf = True
direct_scf_tol = 1e-13
chkfile to save SCF result = /share/home/srwang/ExSCF/test/pytest/scan_h2/tmpso_iw2eq
max_memory 4000 MB (current use 207 MB)
number electrons alpha = 1  beta = 1
Set gradient conv threshold to 3.16228e-05
init E= -0.871385452304214
  alpha nocc = 1  HOMO = -0.491511711852851  LUMO = -0.0355362423483163
  beta  nocc = 1  HOMO = -0.491511711852852  LUMO = -0.0355362423483181
cycle= 1 E= -0.993445926443812  delta_E= -0.122  |g|= 0.0518  |ddm|= 0.12
SCF not converged.
SCF energy = -0.993445926443812 after 1 cycles  <S^2> = 0.80309565  2S+1 = 2.052409


******** <class 'pyscf.scf.uhf.UHF'> ********
method = UHF
initial guess = minao
damping factor = 0
level_shift factor = 0
DIIS = <class 'pyscf.scf.diis.CDIIS'>
diis_start_cycle = 1
diis_space = 8
SCF conv_tol = 1e-09
SCF conv_tol_grad = None
SCF max_cycles = 50
direct_scf = True
direct_scf_tol = 1e-13
chkfile to save SCF result = /share/home/srwang/ExSCF/test/pytest/scan_h2/tmpso_iw2eq
max_memory 4000 MB (current use 207 MB)
number electrons alpha = 1  beta = 1
Set gradient conv threshold to 3.16228e-05
init E= -0.649551796991941
  alpha nocc = 1  HOMO = -0.239049388508466  LUMO = -0.120735847604366
  beta  nocc = 1  HOMO = -0.237686741456874  LUMO = -0.12049573486578
cycle= 1 E= -0.899190039010813  delta_E= -0.25  |g|= 0.0329  |ddm|= 0.447
  alpha nocc = 1  HOMO = -0.373243038231311  LUMO = -0.0651835298180323
  beta  nocc = 1  HOMO = -0.373301173424405  LUMO = -0.0652457889590989
cycle= 2 E= -0.900382361398276  delta_E= -0.00119  |g|= 0.0064  |ddm|= 0.0266
  alpha nocc = 1  HOMO = -0.372649661050718  LUMO = -0.0629751994272234
  beta  nocc = 1  HOMO = -0.372671356331312  LUMO = -0.0629981831677049
cycle= 3 E= -0.900431830668345  delta_E= -4.95e-05  |g|= 0.000187  |ddm|= 0.00689
  alpha nocc = 1  HOMO = -0.372647866181723  LUMO = -0.0630147627146072
  beta  nocc = 1  HOMO = -0.372656975915774  LUMO = -0.0630244972896589
cycle= 4 E= -0.900431864839961  delta_E= -3.42e-08  |g|= 2e-05  |ddm|= 0.000393
  alpha nocc = 1  HOMO = -0.372672430533883  LUMO = -0.0630372379756314
  beta  nocc = 1  HOMO = -0.372675488476594  LUMO = -0.0630404760524724
cycle= 5 E= -0.900431865493353  delta_E= -6.53e-10  |g|= 3.15e-06  |ddm|= 5.74e-05
  alpha nocc = 1  HOMO = -0.372671312700065  LUMO = -0.0630372924101225
  beta  nocc = 1  HOMO = -0.372672794531343  LUMO = -0.0630388635347005
Extra cycle  E= -0.900431865509961  delta_E= -1.66e-11  |g|= 1.53e-06  |ddm|= 5.73e-06
converged SCF energy = -0.900431865509961  <S^2> = 2.4228619e-11  2S+1 = 1
E(FCI) =     -1.01170740
