

#INFO: **** input file is /share/home/srwang/ExSCF/test/pytest/scan_h2/scan_fci.py ****
#import phf
from pyscf import lib, fci
#import scipy
import numpy as np
import sys, os, contextlib

from pyphf import util, sudft

#xyz = 'h2.xyz' #sys.argv[1]
fch = 'test_uhf.fchk' #sys.argv[2]
#bas = '../h2.bas'
bas = 'cc-pvtz'

lib.num_threads(16)

for r in np.arange(0.5, 2.55, 0.1):
    output = 'fci/fci_%.1f.out' % r
    os.system("echo '\n' > %s" % output)
    with open(output, 'a', encoding='utf-8') as f:
        with contextlib.redirect_stdout(f):
            xyz = '''H 0.0 0.0 0.0; H 0.0 0.0 %f'''%r
            mf = util.guess_from_fchk(xyz, bas, fch)
            #mf = util.guess(xyz, bas)
            mf.max_cycle = 50
            mf.kernel()
            ci = fci.FCI(mf)
            print('E(FCI) = %15.8f' % ci.kernel()[0])#INFO: ******************** input file end ********************


System: uname_result(system='Linux', node='xc02n18', release='3.10.0-693.el7.x86_64', version='#1 SMP Thu Jul 6 19:56:57 EDT 2017', machine='x86_64', processor='x86_64')  Threads 16
Python 3.7.4 (default, Aug 13 2019, 20:35:49) 
[GCC 7.3.0]
numpy 1.17.2  scipy 1.4.1
Date: Tue Nov 24 04:45:00 2020
PySCF version 1.7.5
PySCF path  /share/home/srwang/pyscf-1.7.5/pyscf

[CONFIG] conf_file None
[INPUT] verbose = 4
[INPUT] num. atoms = 2
[INPUT] num. electrons = 2
[INPUT] charge = 0
[INPUT] spin (= nelec alpha-beta = 2S) = 0
[INPUT] symmetry False subgroup None
[INPUT] Mole.unit = angstrom
[INPUT]  1 H      0.000000000000   0.000000000000   0.000000000000 AA    0.000000000000   0.000000000000   0.000000000000 Bohr
[INPUT]  2 H      0.000000000000   0.000000000000   1.300000000000 AA    0.000000000000   0.000000000000   2.456643961935 Bohr

nuclear repulsion = 0.407059393015385
number of shells = 12
number of NR pGTOs = 32
number of NR cGTOs = 28
basis = cc-pvtz
ecp = {}
CPU time:        41.78


******** <class 'pyscf.scf.uhf.UHF'> ********
method = UHF
initial guess = minao
damping factor = 0
level_shift factor = 0
DIIS = <class 'pyscf.scf.diis.CDIIS'>
diis_start_cycle = 1
diis_space = 8
SCF conv_tol = 1e-09
SCF conv_tol_grad = None
SCF max_cycles = 1
direct_scf = True
direct_scf_tol = 1e-13
chkfile to save SCF result = /share/home/srwang/ExSCF/test/pytest/scan_h2/tmpqghkmgnm
max_memory 4000 MB (current use 207 MB)
number electrons alpha = 1  beta = 1
Set gradient conv threshold to 3.16228e-05
init E= -0.700839632958563
  alpha nocc = 1  HOMO = -0.361662213877271  LUMO = 0.0103454289122668
  beta  nocc = 1  HOMO = -0.359028491806483  LUMO = 0.0110948521151139
cycle= 1 E= -1.04170549944831  delta_E= -0.341  |g|= 0.034  |ddm|= 0.347
SCF not converged.
SCF energy = -1.04170549944831 after 1 cycles  <S^2> = 1.9920431e-07  2S+1 = 1.0000004


******** <class 'pyscf.scf.uhf.UHF'> ********
method = UHF
initial guess = minao
damping factor = 0
level_shift factor = 0
DIIS = <class 'pyscf.scf.diis.CDIIS'>
diis_start_cycle = 1
diis_space = 8
SCF conv_tol = 1e-09
SCF conv_tol_grad = None
SCF max_cycles = 1
direct_scf = True
direct_scf_tol = 1e-13
chkfile to save SCF result = /share/home/srwang/ExSCF/test/pytest/scan_h2/tmpqghkmgnm
max_memory 4000 MB (current use 207 MB)
number electrons alpha = 1  beta = 1
Set gradient conv threshold to 3.16228e-05
init E= -1.06203781425797
  alpha nocc = 1  HOMO = -0.49347940161966  LUMO = 0.102489760698828
  beta  nocc = 1  HOMO = -0.493479401619661  LUMO = 0.102489760698828
cycle= 1 E= -1.04379920339957  delta_E= 0.0182  |g|= 0.0125  |ddm|= 0.0205
SCF not converged.
SCF energy = -1.04379920339957 after 1 cycles  <S^2> = 0.37144695  2S+1 = 1.5766381


******** <class 'pyscf.scf.uhf.UHF'> ********
method = UHF
initial guess = minao
damping factor = 0
level_shift factor = 0
DIIS = <class 'pyscf.scf.diis.CDIIS'>
diis_start_cycle = 1
diis_space = 8
SCF conv_tol = 1e-09
SCF conv_tol_grad = None
SCF max_cycles = 50
direct_scf = True
direct_scf_tol = 1e-13
chkfile to save SCF result = /share/home/srwang/ExSCF/test/pytest/scan_h2/tmpqghkmgnm
max_memory 4000 MB (current use 207 MB)
number electrons alpha = 1  beta = 1
Set gradient conv threshold to 3.16228e-05
init E= -0.700839632958563
  alpha nocc = 1  HOMO = -0.361662213877271  LUMO = 0.0103454289122662
  beta  nocc = 1  HOMO = -0.359028491806483  LUMO = 0.0110948521151142
cycle= 1 E= -1.04170549944831  delta_E= -0.341  |g|= 0.034  |ddm|= 0.347
  alpha nocc = 1  HOMO = -0.473936571647211  LUMO = 0.0635002301387793
  beta  nocc = 1  HOMO = -0.47397975245176  LUMO = 0.0634605614447508
cycle= 2 E= -1.04272667364085  delta_E= -0.00102  |g|= 0.00602  |ddm|= 0.0227
  alpha nocc = 1  HOMO = -0.469515591871983  LUMO = 0.0680317348960899
  beta  nocc = 1  HOMO = -0.469532171043107  LUMO = 0.0680226811540297
cycle= 3 E= -1.0427621772957  delta_E= -3.55e-05  |g|= 0.000232  |ddm|= 0.00525
  alpha nocc = 1  HOMO = -0.469388549212931  LUMO = 0.0681377224371886
  beta  nocc = 1  HOMO = -0.469395547435404  LUMO = 0.0681356291157864
cycle= 4 E= -1.04276221214365  delta_E= -3.48e-08  |g|= 6.99e-06  |ddm|= 0.000186
  alpha nocc = 1  HOMO = -0.469395800353408  LUMO = 0.0681367505611409
  beta  nocc = 1  HOMO = -0.469398820045345  LUMO = 0.0681363353500545
cycle= 5 E= -1.04276221220528  delta_E= -6.16e-11  |g|= 2.23e-06  |ddm|= 9.91e-06
  alpha nocc = 1  HOMO = -0.469395566644375  LUMO = 0.0681367654397189
  beta  nocc = 1  HOMO = -0.469397135703651  LUMO = 0.0681366617637936
Extra cycle  E= -1.04276221221272  delta_E= -7.44e-12  |g|= 1.08e-06  |ddm|= 3.1e-06
converged SCF energy = -1.04276221221272  <S^2> = 1.1964207e-11  2S+1 = 1
E(FCI) =     -1.09554906
