

#INFO: **** input file is /share/home/srwang/ExSCF/test/pytest/scan_h2/scan_fci.py ****
#import phf
from pyscf import lib, fci
#import scipy
import numpy as np
import sys, os, contextlib

from pyphf import util, sudft

#xyz = 'h2.xyz' #sys.argv[1]
fch = 'test_uhf.fchk' #sys.argv[2]
#bas = '../h2.bas'
bas = 'cc-pvtz'

lib.num_threads(16)

for r in np.arange(0.5, 2.55, 0.1):
    output = 'fci/fci_%.1f.out' % r
    os.system("echo '\n' > %s" % output)
    with open(output, 'a', encoding='utf-8') as f:
        with contextlib.redirect_stdout(f):
            xyz = '''H 0.0 0.0 0.0; H 0.0 0.0 %f'''%r
            mf = util.guess_from_fchk(xyz, bas, fch)
            #mf = util.guess(xyz, bas)
            mf.max_cycle = 50
            mf.kernel()
            ci = fci.FCI(mf)
            print('E(FCI) = %15.8f' % ci.kernel()[0])#INFO: ******************** input file end ********************


System: uname_result(system='Linux', node='xc02n18', release='3.10.0-693.el7.x86_64', version='#1 SMP Thu Jul 6 19:56:57 EDT 2017', machine='x86_64', processor='x86_64')  Threads 16
Python 3.7.4 (default, Aug 13 2019, 20:35:49) 
[GCC 7.3.0]
numpy 1.17.2  scipy 1.4.1
Date: Tue Nov 24 04:45:00 2020
PySCF version 1.7.5
PySCF path  /share/home/srwang/pyscf-1.7.5/pyscf

[CONFIG] conf_file None
[INPUT] verbose = 4
[INPUT] num. atoms = 2
[INPUT] num. electrons = 2
[INPUT] charge = 0
[INPUT] spin (= nelec alpha-beta = 2S) = 0
[INPUT] symmetry False subgroup None
[INPUT] Mole.unit = angstrom
[INPUT]  1 H      0.000000000000   0.000000000000   0.000000000000 AA    0.000000000000   0.000000000000   0.000000000000 Bohr
[INPUT]  2 H      0.000000000000   0.000000000000   1.400000000000 AA    0.000000000000   0.000000000000   2.645616574391 Bohr

nuclear repulsion = 0.377983722085714
number of shells = 12
number of NR pGTOs = 32
number of NR cGTOs = 28
basis = cc-pvtz
ecp = {}
CPU time:        46.37


******** <class 'pyscf.scf.uhf.UHF'> ********
method = UHF
initial guess = minao
damping factor = 0
level_shift factor = 0
DIIS = <class 'pyscf.scf.diis.CDIIS'>
diis_start_cycle = 1
diis_space = 8
SCF conv_tol = 1e-09
SCF conv_tol_grad = None
SCF max_cycles = 1
direct_scf = True
direct_scf_tol = 1e-13
chkfile to save SCF result = /share/home/srwang/ExSCF/test/pytest/scan_h2/tmpoan2sky5
max_memory 4000 MB (current use 207 MB)
number electrons alpha = 1  beta = 1
Set gradient conv threshold to 3.16228e-05
init E= -0.688729809904902
  alpha nocc = 1  HOMO = -0.339469358961428  LUMO = -0.0103331027226328
  beta  nocc = 1  HOMO = -0.337307750096229  LUMO = -0.00962911758123741
cycle= 1 E= -1.02201752742189  delta_E= -0.333  |g|= 0.0346  |ddm|= 0.356
SCF not converged.
SCF energy = -1.02201752742189 after 1 cycles  <S^2> = 3.1186678e-07  2S+1 = 1.0000006


******** <class 'pyscf.scf.uhf.UHF'> ********
method = UHF
initial guess = minao
damping factor = 0
level_shift factor = 0
DIIS = <class 'pyscf.scf.diis.CDIIS'>
diis_start_cycle = 1
diis_space = 8
SCF conv_tol = 1e-09
SCF conv_tol_grad = None
SCF max_cycles = 1
direct_scf = True
direct_scf_tol = 1e-13
chkfile to save SCF result = /share/home/srwang/ExSCF/test/pytest/scan_h2/tmpoan2sky5
max_memory 4000 MB (current use 207 MB)
number electrons alpha = 1  beta = 1
Set gradient conv threshold to 3.16228e-05
init E= -1.03195644532977
  alpha nocc = 1  HOMO = -0.490961940972593  LUMO = 0.0798103532854492
  beta  nocc = 1  HOMO = -0.490961940972594  LUMO = 0.079810353285449
cycle= 1 E= -1.03195644714102  delta_E= -1.81e-09  |g|= 2.71e-05  |ddm|= 4.26e-05
SCF not converged.
SCF energy = -1.03195644714102 after 1 cycles  <S^2> = 0.42973767  2S+1 = 1.6489241


******** <class 'pyscf.scf.uhf.UHF'> ********
method = UHF
initial guess = minao
damping factor = 0
level_shift factor = 0
DIIS = <class 'pyscf.scf.diis.CDIIS'>
diis_start_cycle = 1
diis_space = 8
SCF conv_tol = 1e-09
SCF conv_tol_grad = None
SCF max_cycles = 50
direct_scf = True
direct_scf_tol = 1e-13
chkfile to save SCF result = /share/home/srwang/ExSCF/test/pytest/scan_h2/tmpoan2sky5
max_memory 4000 MB (current use 207 MB)
number electrons alpha = 1  beta = 1
Set gradient conv threshold to 3.16228e-05
init E= -0.688729809904902
  alpha nocc = 1  HOMO = -0.339469358961428  LUMO = -0.0103331027226333
  beta  nocc = 1  HOMO = -0.337307750096232  LUMO = -0.0096291175812372
cycle= 1 E= -1.0220175274219  delta_E= -0.333  |g|= 0.0346  |ddm|= 0.356
  alpha nocc = 1  HOMO = -0.458273864754512  LUMO = 0.0450751212138619
  beta  nocc = 1  HOMO = -0.458374316294301  LUMO = 0.04504561616525
cycle= 2 E= -1.0231015376159  delta_E= -0.00108  |g|= 0.00627  |ddm|= 0.0231
  alpha nocc = 1  HOMO = -0.454239002453305  LUMO = 0.0496770067430841
  beta  nocc = 1  HOMO = -0.454278721341787  LUMO = 0.0496710718977519
cycle= 3 E= -1.02314022033911  delta_E= -3.87e-05  |g|= 0.000196  |ddm|= 0.00531
  alpha nocc = 1  HOMO = -0.454146456721032  LUMO = 0.0497558846807429
  beta  nocc = 1  HOMO = -0.454164105363038  LUMO = 0.0497546732545476
cycle= 4 E= -1.02314024438236  delta_E= -2.4e-08  |g|= 1.27e-05  |ddm|= 0.000136
  alpha nocc = 1  HOMO = -0.454161304973466  LUMO = 0.049752007574151
  beta  nocc = 1  HOMO = -0.45416775559831  LUMO = 0.0497520413280844
cycle= 5 E= -1.02314024467505  delta_E= -2.93e-10  |g|= 4.45e-06  |ddm|= 2.37e-05
  alpha nocc = 1  HOMO = -0.454161082520163  LUMO = 0.0497522608417395
  beta  nocc = 1  HOMO = -0.454164455131705  LUMO = 0.0497523452797048
Extra cycle  E= -1.02314024470676  delta_E= -3.17e-11  |g|= 2.31e-06  |ddm|= 6.09e-06
converged SCF energy = -1.02314024470676  <S^2> = 5.7586158e-11  2S+1 = 1
E(FCI) =     -1.08013772
