

******** <class 'pyscf.scf.uhf.UHF'> ********
method = UHF
initial guess = minao
damping factor = 0
level_shift factor = 0
DIIS = <class 'pyscf.scf.diis.CDIIS'>
diis_start_cycle = 1
diis_space = 8
SCF conv_tol = 1e-09
SCF conv_tol_grad = None
SCF max_cycles = 1
direct_scf = True
direct_scf_tol = 1e-13
chkfile to save SCF result = /share/home/srwang/ExSCF/test/test_dm/tmpo33prgrl
max_memory 4000 MB (current use 65 MB)
number electrons alpha = 1  beta = 1
Set gradient conv threshold to 3.16228e-05
init E= -0.64480089472713
  alpha nocc = 1  HOMO = -0.248574002023546  LUMO = -0.0900508482769706
  beta  nocc = 1  HOMO = -0.241945729803242  LUMO = -0.0916003517709199
cycle= 1 E= -0.907637828086771  delta_E= -0.263  |g|= 0.0146  |ddm|= 0.599
SCF not converged.
SCF energy = -0.907637828086771 after 1 cycles  <S^2> = 6.5933669e-07  2S+1 = 1.0000013

Orthonormality check: j=   2 i=   4 maxv= 5.78868792E-09

Orthonormality check: j=   2 i=   4 maxv= 5.78868790E-09


******** <class 'pyscf.scf.uhf.UHF'> ********
method = UHF
initial guess = minao
damping factor = 0
level_shift factor = 0
DIIS = <class 'pyscf.scf.diis.CDIIS'>
diis_start_cycle = 1
diis_space = 8
SCF conv_tol = 1e-09
SCF conv_tol_grad = None
SCF max_cycles = 10
direct_scf = True
direct_scf_tol = 1e-13
chkfile to save SCF result = /share/home/srwang/ExSCF/test/test_dm/tmpo33prgrl
max_memory 4000 MB (current use 72 MB)
number electrons alpha = 1  beta = 1
Set gradient conv threshold to 3.16228e-05
init E= -0.997011505982131
  alpha nocc = 1  HOMO = -0.494330108557827  LUMO = 0.120177229582684
  beta  nocc = 1  HOMO = -0.494330108557827  LUMO = 0.120177229582684
cycle= 1 E= -0.997011505945357  delta_E= 3.68e-11  |g|= 1.97e-10  |ddm|= 8.53e-10
  alpha nocc = 1  HOMO = -0.494330108581292  LUMO = 0.120177229475714
  beta  nocc = 1  HOMO = -0.494330108581293  LUMO = 0.120177229475714
Extra cycle  E= -0.997011505945358  delta_E= -4.44e-16  |g|= 5.97e-11  |ddm|= 2.46e-10
converged SCF energy = -0.997011505945358  <S^2> = 0.91048261  2S+1 = 2.154514

The orthonormality of Alpha MO after PAO construction:
maxv=    0.0000000000
abs_mean=    0.0000000000

PM orbital localization begins: using mulliken population
Warning in subroutine pm: only 1 orbital. No rotation.
0 1 1 2
